[38;5;39m[    0.000000][0m[38;5;33m Linux version 6.13.8-arch1-1 (linux@archlinux) (gcc (GCC) 14.2.1 20250207, GNU ld (GNU Binutils) 2.44) #1 SMP PREEMPT_DYNAMIC Sun, 23 Mar 2025 17:[0m17:30 +0000
[38;5;39m[    0.000000][0m[38;5;37m Command line:[0m BOOT_IMAGE=/boot/vmlinuz-linux root=UUID=56a47d8a-b116-452c-9435-8e0c7cb92898 rw loglevel=3 quiet
[38;5;39m[    0.000000][0m[38;5;37m x86/tme:[0m not enabled by BIOS
[38;5;39m[    0.000000][0m[38;5;37m x86/split lock detection:[0m #AC: crashing the kernel on kernel split_locks and warning on user-space split_locks
[38;5;39m[    0.000000][0m[38;5;37m BIOS-provided physical RAM map:[0m
[38;5;39m[    0.000000][0m[38;5;37m BIOS-e820:[0m [mem 0x0000000000000000-0x000000000009dfff] usable
[38;5;39m[    0.000000][0m[38;5;37m BIOS-e820:[0m [mem 0x000000000009e000-0x000000000009efff] reserved
[38;5;39m[    0.000000][0m[38;5;37m BIOS-e820:[0m [mem 0x000000000009f000-0x000000000009ffff] usable
[38;5;39m[    0.000000][0m[38;5;37m BIOS-e820:[0m [mem 0x00000000000a0000-0x00000000000fffff] reserved
[38;5;39m[    0.000000][0m[38;5;37m BIOS-e820:[0m [mem 0x0000000000100000-0x000000007233efff] usable
[38;5;39m[    0.000000][0m[38;5;37m BIOS-e820:[0m [mem 0x000000007233f000-0x00000000746fefff] reserved
[38;5;39m[    0.000000][0m[38;5;37m BIOS-e820:[0m [mem 0x00000000746ff000-0x000000007480efff] ACPI data
[38;5;39m[    0.000000][0m[38;5;37m BIOS-e820:[0m [mem 0x000000007480f000-0x0000000074a0efff] ACPI NVS
[38;5;39m[    0.000000][0m[38;5;37m BIOS-e820:[0m [mem 0x0000000074a0f000-0x0000000075bfefff] reserved
[38;5;39m[    0.000000][0m[38;5;37m BIOS-e820:[0m [mem 0x0000000075bff000-0x0000000075bfffff] usable
[38;5;39m[    0.000000][0m[38;5;37m BIOS-e820:[0m [mem 0x0000000075c00000-0x0000000079ffffff] reserved
[38;5;39m[    0.000000][0m[38;5;37m BIOS-e820:[0m [mem 0x000000007a400000-0x000000007a7fffff] reserved
[38;5;39m[    0.000000][0m[38;5;37m BIOS-e820:[0m [mem 0x000000007b000000-0x00000000807fffff] reserved
[38;5;39m[    0.000000][0m[38;5;37m BIOS-e820:[0m [mem 0x00000000c0000000-0x00000000cfffffff] reserved
[38;5;39m[    0.000000][0m[38;5;37m BIOS-e820:[0m [mem 0x00000000fe000000-0x00000000fe010fff] reserved
[38;5;39m[    0.000000][0m[38;5;37m BIOS-e820:[0m [mem 0x00000000fec00000-0x00000000fec00fff] reserved
[38;5;39m[    0.000000][0m[38;5;37m BIOS-e820:[0m [mem 0x00000000fed00000-0x00000000fed00fff] reserved
[38;5;39m[    0.000000][0m[38;5;37m BIOS-e820:[0m [mem 0x00000000fed20000-0x00000000fed7ffff] reserved
[38;5;39m[    0.000000][0m[38;5;37m BIOS-e820:[0m [mem 0x00000000fee00000-0x00000000fee00fff] reserved
[38;5;39m[    0.000000][0m[38;5;37m BIOS-e820:[0m [mem 0x00000000ff000000-0x00000000ffffffff] reserved
[38;5;39m[    0.000000][0m[38;5;37m BIOS-e820:[0m [mem 0x0000000100000000-0x000000107f7fffff] usable
[38;5;39m[    0.000000][0m[38;5;37m NX (Execute Disable) protection:[0m active
[38;5;39m[    0.000000][0m[38;5;37m APIC:[0m Static calls initialized
[38;5;39m[    0.000000][0m[38;5;37m extended physical RAM map:[0m
[38;5;39m[    0.000000][0m[38;5;37m reserve setup_data:[0m [mem 0x0000000000000000-0x000000000009dfff] usable
[38;5;39m[    0.000000][0m[38;5;37m reserve setup_data:[0m [mem 0x000000000009e000-0x000000000009efff] reserved
[38;5;39m[    0.000000][0m[38;5;37m reserve setup_data:[0m [mem 0x000000000009f000-0x000000000009ffff] usable
[38;5;39m[    0.000000][0m[38;5;37m reserve setup_data:[0m [mem 0x00000000000a0000-0x00000000000fffff] reserved
[38;5;39m[    0.000000][0m[38;5;37m reserve setup_data:[0m [mem 0x0000000000100000-0x000000006b2fe017] usable
[38;5;39m[    0.000000][0m[38;5;37m reserve setup_data:[0m [mem 0x000000006b2fe018-0x000000006b322657] usable
[38;5;39m[    0.000000][0m[38;5;37m reserve setup_data:[0m [mem 0x000000006b322658-0x000000006b34b017] usable
[38;5;39m[    0.000000][0m[38;5;37m reserve setup_data:[0m [mem 0x000000006b34b018-0x000000006b358857] usable
[38;5;39m[    0.000000][0m[38;5;37m reserve setup_data:[0m [mem 0x000000006b358858-0x000000006b359017] usable
[38;5;39m[    0.000000][0m[38;5;37m reserve setup_data:[0m [mem 0x000000006b359018-0x000000006b367057] usable
[38;5;39m[    0.000000][0m[38;5;37m reserve setup_data:[0m [mem 0x000000006b367058-0x000000007233efff] usable
[38;5;39m[    0.000000][0m[38;5;37m reserve setup_data:[0m [mem 0x000000007233f000-0x00000000746fefff] reserved
[38;5;39m[    0.000000][0m[38;5;37m reserve setup_data:[0m [mem 0x00000000746ff000-0x000000007480efff] ACPI data
[38;5;39m[    0.000000][0m[38;5;37m reserve setup_data:[0m [mem 0x000000007480f000-0x0000000074a0efff] ACPI NVS
[38;5;39m[    0.000000][0m[38;5;37m reserve setup_data:[0m [mem 0x0000000074a0f000-0x0000000075bfefff] reserved
[38;5;39m[    0.000000][0m[38;5;37m reserve setup_data:[0m [mem 0x0000000075bff000-0x0000000075bfffff] usable
[38;5;39m[    0.000000][0m[38;5;37m reserve setup_data:[0m [mem 0x0000000075c00000-0x0000000079ffffff] reserved
[38;5;39m[    0.000000][0m[38;5;37m reserve setup_data:[0m [mem 0x000000007a400000-0x000000007a7fffff] reserved
[38;5;39m[    0.000000][0m[38;5;37m reserve setup_data:[0m [mem 0x000000007b000000-0x00000000807fffff] reserved
[38;5;39m[    0.000000][0m[38;5;37m reserve setup_data:[0m [mem 0x00000000c0000000-0x00000000cfffffff] reserved
[38;5;39m[    0.000000][0m[38;5;37m reserve setup_data:[0m [mem 0x00000000fe000000-0x00000000fe010fff] reserved
[38;5;39m[    0.000000][0m[38;5;37m reserve setup_data:[0m [mem 0x00000000fec00000-0x00000000fec00fff] reserved
[38;5;39m[    0.000000][0m[38;5;37m reserve setup_data:[0m [mem 0x00000000fed00000-0x00000000fed00fff] reserved
[38;5;39m[    0.000000][0m[38;5;37m reserve setup_data:[0m [mem 0x00000000fed20000-0x00000000fed7ffff] reserved
[38;5;39m[    0.000000][0m[38;5;37m reserve setup_data:[0m [mem 0x00000000fee00000-0x00000000fee00fff] reserved
[38;5;39m[    0.000000][0m[38;5;37m reserve setup_data:[0m [mem 0x00000000ff000000-0x00000000ffffffff] reserved
[38;5;39m[    0.000000][0m[38;5;37m reserve setup_data:[0m [mem 0x0000000100000000-0x000000107f7fffff] usable
[38;5;39m[    0.000000][0m[38;5;37m efi:[0m EFI v2.8 by American Megatrends
[38;5;39m[    0.000000][0m[38;5;37m efi:[0m ACPI=0x7492b000 ACPI 2.0=0x7492b014 TPMFinalLog=0x748fa000 SMBIOS=0x7566a000 SMBIOS 3.0=0x75669000 MEMATTR=0x6b7d3018 ESRT=0x6eecdb98 INITRD=0x6b569298 RNG=0x74735018 TPMEventLog=0x7472c018 
[38;5;39m[    0.000000][0m[38;5;33m random:[0m crng init done
[38;5;39m[    0.000000][0m[38;5;37m efi:[0m Remove mem96: MMIO range=[0xc0000000-0xcfffffff] (256MB) from e820 map
[38;5;39m[    0.000000][0m[38;5;37m efi:[0m Not removing mem97: MMIO range=[0xfe000000-0xfe010fff] (68KB) from e820 map
[38;5;39m[    0.000000][0m[38;5;37m efi:[0m Not removing mem98: MMIO range=[0xfec00000-0xfec00fff] (4KB) from e820 map
[38;5;39m[    0.000000][0m[38;5;37m efi:[0m Not removing mem99: MMIO range=[0xfed00000-0xfed00fff] (4KB) from e820 map
[38;5;39m[    0.000000][0m[38;5;37m efi:[0m Not removing mem101: MMIO range=[0xfee00000-0xfee00fff] (4KB) from e820 map
[38;5;39m[    0.000000][0m[38;5;37m efi:[0m Remove mem102: MMIO range=[0xff000000-0xffffffff] (16MB) from e820 map
[38;5;39m[    0.000000][0m[38;5;37m DMI:[0m Micro-Star International Co., Ltd. MS-7D93/Z790 GAMING PRO WIFI (MS-7D93), BIOS 1.80 09/27/2024
[38;5;39m[    0.000000][0m[38;5;37m DMI:[0m Memory slots populated: 2/4
[38;5;39m[    0.000000][0m[38;5;37m tsc:[0m Detected 3400.000 MHz processor
[38;5;39m[    0.000000][0m[38;5;37m tsc:[0m Detected 3417.600 MHz TSC
[38;5;39m[    0.000651][0m[38;5;37m total RAM covered:[0m 128960M
[38;5;39m[    0.000707][0m[38;5;37m  gran_size:[0m 64K 	chunk_size: 128M 	num_reg: 7  	lose cover RAM: 0G
[38;5;39m[    0.000710][0m[38;5;37m MTRR map:[0m 6 entries (3 fixed + 3 variable; max 23), built from 10 variable MTRRs
[38;5;39m[    0.000711][0m[38;5;37m x86/PAT:[0m Configuration [0-7]: WB  WC  UC- UC  WB  WP  UC- WT  
[38;5;39m[    0.009302][0m[38;5;37m esrt:[0m Reserving ESRT space from 0x000000006eecdb98 to 0x000000006eecdbf8.
[38;5;39m[    0.009481][0m[38;5;37m RAMDISK:[0m [mem 0x57040000-0x63e93fff]
[38;5;39m[    0.009543][0m[38;5;37m ACPI:[0m Early table checksum verification disabled
[38;5;39m[    0.009545][0m[38;5;37m ACPI:[0m RSDP 0x000000007492B014 000024 (v02 ALASKA)
[38;5;39m[    0.009548][0m[38;5;37m ACPI:[0m XSDT 0x000000007492A728 0000FC (v01 ALASKA A M I    01072009 AMI  01000013)
[38;5;39m[    0.009552][0m[38;5;37m ACPI:[0m FACP 0x000000007480C000 000114 (v06 ALASKA A M I    01072009 AMI  01000013)
[38;5;39m[    0.009555][0m[38;5;37m ACPI:[0m DSDT 0x000000007476B000 0A0C3A (v02 ALASKA A M I    01072009 INTL 20200717)
[38;5;39m[    0.009557][0m[38;5;37m ACPI:[0m FACS 0x0000000074A0E000 000040
[38;5;39m[    0.009558][0m[38;5;37m ACPI:[0m FIDT 0x000000007476A000 00009C (v01 ALASKA A M I    01072009 AMI  00010013)
[38;5;39m[    0.009560][0m[38;5;37m ACPI:[0m SSDT 0x000000007480E000 00038C (v02 PmaxDv Pmax_Dev 00000001 INTL 20200717)
[38;5;39m[    0.009561][0m[38;5;37m ACPI:[0m SSDT 0x0000000074764000 005D34 (v02 CpuRef CpuSsdt  00003000 INTL 20200717)
[38;5;39m[    0.009563][0m[38;5;37m ACPI:[0m SSDT 0x0000000074761000 002BA7 (v02 SaSsdt SaSsdt   00003000 INTL 20200717)
[38;5;39m[    0.009564][0m[38;5;37m ACPI:[0m SSDT 0x000000007475D000 00334F (v02 INTEL  IgfxSsdt 00003000 INTL 20200717)
[38;5;39m[    0.009565][0m[38;5;37m ACPI:[0m HPET 0x000000007480D000 000038 (v01 ALASKA A M I    01072009 AMI  01000013)
[38;5;39m[    0.009567][0m[38;5;37m ACPI:[0m APIC 0x000000007475C000 0001DC (v05 ALASKA A M I    01072009 AMI  01000013)
[38;5;39m[    0.009568][0m[38;5;37m ACPI:[0m MCFG 0x000000007475B000 00003C (v01 ALASKA A M I    01072009 AMI  01000013)
[38;5;39m[    0.009570][0m[38;5;37m ACPI:[0m SSDT 0x0000000074759000 001F1A (v02 ALASKA Ther_Rvp 00001000 INTL 20200717)
[38;5;39m[    0.009571][0m[38;5;37m ACPI:[0m UEFI 0x00000000748E0000 000048 (v01 ALASKA A M I    01072009 AMI  01000013)
[38;5;39m[    0.009572][0m[38;5;37m ACPI:[0m NHLT 0x0000000074758000 00002D (v00 ALASKA A M I    01072009 AMI  01000013)
[38;5;39m[    0.009574][0m[38;5;37m ACPI:[0m LPIT 0x0000000074757000 0000CC (v01 ALASKA A M I    01072009 AMI  01000013)
[38;5;39m[    0.009575][0m[38;5;37m ACPI:[0m SSDT 0x0000000074753000 002A83 (v02 ALASKA PtidDevc 00001000 INTL 20200717)
[38;5;39m[    0.009577][0m[38;5;37m ACPI:[0m SSDT 0x0000000074749000 0093E7 (v02 ALASKA TbtTypeC 00000000 INTL 20200717)
[38;5;39m[    0.009578][0m[38;5;37m ACPI:[0m DBGP 0x0000000074748000 000034 (v01 ALASKA A M I    01072009 AMI  01000013)
[38;5;39m[    0.009579][0m[38;5;37m ACPI:[0m DBG2 0x0000000074747000 000054 (v00 ALASKA A M I    01072009 AMI  01000013)
[38;5;39m[    0.009581][0m[38;5;37m ACPI:[0m SSDT 0x0000000074745000 00190A (v02 ALASKA UsbCTabl 00001000 INTL 20200717)
[38;5;39m[    0.009582][0m[38;5;37m ACPI:[0m DMAR 0x0000000074744000 000088 (v01 INTEL  EDK2     00000002      01000013)
[38;5;39m[    0.009584][0m[38;5;37m ACPI:[0m FPDT 0x0000000074743000 000044 (v01 ALASKA A M I    01072009 AMI  01000013)
[38;5;39m[    0.009585][0m[38;5;37m ACPI:[0m SSDT 0x0000000074741000 0016BB (v02 INTEL  xh_rps14 00000000 INTL 20200717)
[38;5;39m[    0.009587][0m[38;5;37m ACPI:[0m SSDT 0x000000007473D000 0039DA (v02 SocGpe SocGpe   00003000 INTL 20200717)
[38;5;39m[    0.009588][0m[38;5;37m ACPI:[0m SSDT 0x0000000074739000 0039DA (v02 SocCmn SocCmn   00003000 INTL 20200717)
[38;5;39m[    0.009589][0m[38;5;37m ACPI:[0m PHAT 0x0000000074737000 0007FC (v01 ALASKA A M I    00000005 MSFT 0100000D)
[38;5;39m[    0.009591][0m[38;5;37m ACPI:[0m TPM2 0x0000000074736000 00004C (v04 ALASKA A M I    00000001 AMI  00000000)
[38;5;39m[    0.009592][0m[38;5;37m ACPI:[0m WSMT 0x0000000074756000 000028 (v01 ALASKA A M I    01072009 AMI  00010013)
[38;5;39m[    0.009594][0m[38;5;37m ACPI:[0m BGRT 0x0000000074738000 000038 (v01 ALASKA A M I    01072009 AMI  00010013)
[38;5;39m[    0.009595][0m[38;5;37m ACPI:[0m Reserving FACP table memory at [mem 0x7480c000-0x7480c113]
[38;5;39m[    0.009596][0m[38;5;37m ACPI:[0m Reserving DSDT table memory at [mem 0x7476b000-0x7480bc39]
[38;5;39m[    0.009596][0m[38;5;37m ACPI:[0m Reserving FACS table memory at [mem 0x74a0e000-0x74a0e03f]
[38;5;39m[    0.009597][0m[38;5;37m ACPI:[0m Reserving FIDT table memory at [mem 0x7476a000-0x7476a09b]
[38;5;39m[    0.009597][0m[38;5;37m ACPI:[0m Reserving SSDT table memory at [mem 0x7480e000-0x7480e38b]
[38;5;39m[    0.009597][0m[38;5;37m ACPI:[0m Reserving SSDT table memory at [mem 0x74764000-0x74769d33]
[38;5;39m[    0.009598][0m[38;5;37m ACPI:[0m Reserving SSDT table memory at [mem 0x74761000-0x74763ba6]
[38;5;39m[    0.009598][0m[38;5;37m ACPI:[0m Reserving SSDT table memory at [mem 0x7475d000-0x7476034e]
[38;5;39m[    0.009599][0m[38;5;37m ACPI:[0m Reserving HPET table memory at [mem 0x7480d000-0x7480d037]
[38;5;39m[    0.009599][0m[38;5;37m ACPI:[0m Reserving APIC table memory at [mem 0x7475c000-0x7475c1db]
[38;5;39m[    0.009599][0m[38;5;37m ACPI:[0m Reserving MCFG table memory at [mem 0x7475b000-0x7475b03b]
[38;5;39m[    0.009600][0m[38;5;37m ACPI:[0m Reserving SSDT table memory at [mem 0x74759000-0x7475af19]
[38;5;39m[    0.009600][0m[38;5;37m ACPI:[0m Reserving UEFI table memory at [mem 0x748e0000-0x748e0047]
[38;5;39m[    0.009600][0m[38;5;37m ACPI:[0m Reserving NHLT table memory at [mem 0x74758000-0x7475802c]
[38;5;39m[    0.009601][0m[38;5;37m ACPI:[0m Reserving LPIT table memory at [mem 0x74757000-0x747570cb]
[38;5;39m[    0.009601][0m[38;5;37m ACPI:[0m Reserving SSDT table memory at [mem 0x74753000-0x74755a82]
[38;5;39m[    0.009602][0m[38;5;37m ACPI:[0m Reserving SSDT table memory at [mem 0x74749000-0x747523e6]
[38;5;39m[    0.009602][0m[38;5;37m ACPI:[0m Reserving DBGP table memory at [mem 0x74748000-0x74748033]
[38;5;39m[    0.009602][0m[38;5;37m ACPI:[0m Reserving DBG2 table memory at [mem 0x74747000-0x74747053]
[38;5;39m[    0.009603][0m[38;5;37m ACPI:[0m Reserving SSDT table memory at [mem 0x74745000-0x74746909]
[38;5;39m[    0.009603][0m[38;5;37m ACPI:[0m Reserving DMAR table memory at [mem 0x74744000-0x74744087]
[38;5;39m[    0.009604][0m[38;5;37m ACPI:[0m Reserving FPDT table memory at [mem 0x74743000-0x74743043]
[38;5;39m[    0.009604][0m[38;5;37m ACPI:[0m Reserving SSDT table memory at [mem 0x74741000-0x747426ba]
[38;5;39m[    0.009604][0m[38;5;37m ACPI:[0m Reserving SSDT table memory at [mem 0x7473d000-0x747409d9]
[38;5;39m[    0.009605][0m[38;5;37m ACPI:[0m Reserving SSDT table memory at [mem 0x74739000-0x7473c9d9]
[38;5;39m[    0.009605][0m[38;5;37m ACPI:[0m Reserving PHAT table memory at [mem 0x74737000-0x747377fb]
[38;5;39m[    0.009605][0m[38;5;37m ACPI:[0m Reserving TPM2 table memory at [mem 0x74736000-0x7473604b]
[38;5;39m[    0.009606][0m[38;5;37m ACPI:[0m Reserving WSMT table memory at [mem 0x74756000-0x74756027]
[38;5;39m[    0.009606][0m[38;5;37m ACPI:[0m Reserving BGRT table memory at [mem 0x74738000-0x74738037]
[38;5;39m[    0.009859][0m[38;5;37m Zone ranges:[0m
[38;5;39m[    0.009863][0m[38;5;37m   node   0:[0m [mem 0x0000000000001000-0x000000000009dfff]
[38;5;39m[    0.009864][0m[38;5;37m   node   0:[0m [mem 0x000000000009f000-0x000000000009ffff]
[38;5;39m[    0.009864][0m[38;5;37m   node   0:[0m [mem 0x0000000000100000-0x000000007233efff]
[38;5;39m[    0.009864][0m[38;5;37m   node   0:[0m [mem 0x0000000075bff000-0x0000000075bfffff]
[38;5;39m[    0.009865][0m[38;5;37m   node   0:[0m [mem 0x0000000100000000-0x000000107f7fffff]
[38;5;39m[    0.009870][0m[38;5;37m On node 0, zone DMA:[0m 1 pages in unavailable ranges
[38;5;39m[    0.009871][0m[38;5;37m On node 0, zone DMA:[0m 1 pages in unavailable ranges
[38;5;39m[    0.009885][0m[38;5;37m On node 0, zone DMA:[0m 96 pages in unavailable ranges
[38;5;39m[    0.011719][0m[38;5;37m On node 0, zone DMA32:[0m 14528 pages in unavailable ranges
[38;5;39m[    0.072719][0m[38;5;37m On node 0, zone Normal:[0m 9216 pages in unavailable ranges
[38;5;39m[    0.072730][0m[38;5;37m On node 0, zone Normal:[0m 2048 pages in unavailable ranges
[38;5;39m[    0.072935][0m[38;5;37m ACPI:[0m PM-Timer IO Port: 0x1808
[38;5;39m[    0.072942][0m[38;5;37m ACPI:[0m LAPIC_NMI (acpi_id[0x01] high edge lint[0x1])
[38;5;39m[    0.072944][0m[38;5;37m ACPI:[0m LAPIC_NMI (acpi_id[0x02] high edge lint[0x1])
[38;5;39m[    0.072944][0m[38;5;37m ACPI:[0m LAPIC_NMI (acpi_id[0x03] high edge lint[0x1])
[38;5;39m[    0.072944][0m[38;5;37m ACPI:[0m LAPIC_NMI (acpi_id[0x04] high edge lint[0x1])
[38;5;39m[    0.072945][0m[38;5;37m ACPI:[0m LAPIC_NMI (acpi_id[0x05] high edge lint[0x1])
[38;5;39m[    0.072945][0m[38;5;37m ACPI:[0m LAPIC_NMI (acpi_id[0x06] high edge lint[0x1])
[38;5;39m[    0.072945][0m[38;5;37m ACPI:[0m LAPIC_NMI (acpi_id[0x07] high edge lint[0x1])
[38;5;39m[    0.072945][0m[38;5;37m ACPI:[0m LAPIC_NMI (acpi_id[0x08] high edge lint[0x1])
[38;5;39m[    0.072946][0m[38;5;37m ACPI:[0m LAPIC_NMI (acpi_id[0x09] high edge lint[0x1])
[38;5;39m[    0.072946][0m[38;5;37m ACPI:[0m LAPIC_NMI (acpi_id[0x0a] high edge lint[0x1])
[38;5;39m[    0.072946][0m[38;5;37m ACPI:[0m LAPIC_NMI (acpi_id[0x0b] high edge lint[0x1])
[38;5;39m[    0.072947][0m[38;5;37m ACPI:[0m LAPIC_NMI (acpi_id[0x0c] high edge lint[0x1])
[38;5;39m[    0.072947][0m[38;5;37m ACPI:[0m LAPIC_NMI (acpi_id[0x0d] high edge lint[0x1])
[38;5;39m[    0.072947][0m[38;5;37m ACPI:[0m LAPIC_NMI (acpi_id[0x0e] high edge lint[0x1])
[38;5;39m[    0.072947][0m[38;5;37m ACPI:[0m LAPIC_NMI (acpi_id[0x0f] high edge lint[0x1])
[38;5;39m[    0.072948][0m[38;5;37m ACPI:[0m LAPIC_NMI (acpi_id[0x10] high edge lint[0x1])
[38;5;39m[    0.072948][0m[38;5;37m ACPI:[0m LAPIC_NMI (acpi_id[0x11] high edge lint[0x1])
[38;5;39m[    0.072948][0m[38;5;37m ACPI:[0m LAPIC_NMI (acpi_id[0x12] high edge lint[0x1])
[38;5;39m[    0.072949][0m[38;5;37m ACPI:[0m LAPIC_NMI (acpi_id[0x13] high edge lint[0x1])
[38;5;39m[    0.072949][0m[38;5;37m ACPI:[0m LAPIC_NMI (acpi_id[0x14] high edge lint[0x1])
[38;5;39m[    0.072949][0m[38;5;37m ACPI:[0m LAPIC_NMI (acpi_id[0x15] high edge lint[0x1])
[38;5;39m[    0.072950][0m[38;5;37m ACPI:[0m LAPIC_NMI (acpi_id[0x16] high edge lint[0x1])
[38;5;39m[    0.072950][0m[38;5;37m ACPI:[0m LAPIC_NMI (acpi_id[0x17] high edge lint[0x1])
[38;5;39m[    0.072950][0m[38;5;37m ACPI:[0m LAPIC_NMI (acpi_id[0x00] high edge lint[0x1])
[38;5;39m[    0.072985][0m[38;5;37m IOAPIC[0]:[0m apic_id 2, version 32, address 0xfec00000, GSI 0-119
[38;5;39m[    0.072987][0m[38;5;37m ACPI:[0m INT_SRC_OVR (bus 0 bus_irq 0 global_irq 2 dfl dfl)
[38;5;39m[    0.072988][0m[38;5;37m ACPI:[0m INT_SRC_OVR (bus 0 bus_irq 9 global_irq 9 high level)
[38;5;39m[    0.072990][0m[38;5;37m ACPI:[0m Using ACPI (MADT) for SMP configuration information
[38;5;39m[    0.072991][0m[38;5;37m ACPI:[0m HPET id: 0x8086a201 base: 0xfed00000
[38;5;39m[    0.073008][0m[38;5;37m CPU topo:[0m Max. logical packages:   1
[38;5;39m[    0.073009][0m[38;5;37m CPU topo:[0m Max. logical dies:       1
[38;5;39m[    0.073009][0m[38;5;37m CPU topo:[0m Max. dies per package:   1
[38;5;39m[    0.073010][0m[38;5;37m CPU topo:[0m Max. threads per core:   2
[38;5;39m[    0.073011][0m[38;5;37m CPU topo:[0m Num. cores per package:    20
[38;5;39m[    0.073012][0m[38;5;37m CPU topo:[0m Num. threads per package:  28
[38;5;39m[    0.073012][0m[38;5;37m CPU topo:[0m Allowing 28 present CPUs plus 0 hotplug CPUs
[38;5;39m[    0.073023][0m[38;5;37m PM:[0m hibernation: Registered nosave memory: [mem 0x00000000-0x00000fff]
[38;5;39m[    0.073024][0m[38;5;37m PM:[0m hibernation: Registered nosave memory: [mem 0x0009e000-0x0009efff]
[38;5;39m[    0.073025][0m[38;5;37m PM:[0m hibernation: Registered nosave memory: [mem 0x000a0000-0x000fffff]
[38;5;39m[    0.073026][0m[38;5;37m PM:[0m hibernation: Registered nosave memory: [mem 0x6b2fe000-0x6b2fefff]
[38;5;39m[    0.073026][0m[38;5;37m PM:[0m hibernation: Registered nosave memory: [mem 0x6b322000-0x6b322fff]
[38;5;39m[    0.073027][0m[38;5;37m PM:[0m hibernation: Registered nosave memory: [mem 0x6b34b000-0x6b34bfff]
[38;5;39m[    0.073028][0m[38;5;37m PM:[0m hibernation: Registered nosave memory: [mem 0x6b358000-0x6b358fff]
[38;5;39m[    0.073028][0m[38;5;37m PM:[0m hibernation: Registered nosave memory: [mem 0x6b359000-0x6b359fff]
[38;5;39m[    0.073029][0m[38;5;37m PM:[0m hibernation: Registered nosave memory: [mem 0x6b367000-0x6b367fff]
[38;5;39m[    0.073029][0m[38;5;37m PM:[0m hibernation: Registered nosave memory: [mem 0x6b434000-0x6b490fff]
[38;5;39m[    0.073030][0m[38;5;37m PM:[0m hibernation: Registered nosave memory: [mem 0x6eecd000-0x6eecdfff]
[38;5;39m[    0.073031][0m[38;5;37m PM:[0m hibernation: Registered nosave memory: [mem 0x7233f000-0x746fefff]
[38;5;39m[    0.073031][0m[38;5;37m PM:[0m hibernation: Registered nosave memory: [mem 0x746ff000-0x7480efff]
[38;5;39m[    0.073031][0m[38;5;37m PM:[0m hibernation: Registered nosave memory: [mem 0x7480f000-0x74a0efff]
[38;5;39m[    0.073031][0m[38;5;37m PM:[0m hibernation: Registered nosave memory: [mem 0x74a0f000-0x75bfefff]
[38;5;39m[    0.073032][0m[38;5;37m PM:[0m hibernation: Registered nosave memory: [mem 0x75c00000-0x79ffffff]
[38;5;39m[    0.073032][0m[38;5;37m PM:[0m hibernation: Registered nosave memory: [mem 0x7a000000-0x7a3fffff]
[38;5;39m[    0.073033][0m[38;5;37m PM:[0m hibernation: Registered nosave memory: [mem 0x7a400000-0x7a7fffff]
[38;5;39m[    0.073033][0m[38;5;37m PM:[0m hibernation: Registered nosave memory: [mem 0x7a800000-0x7affffff]
[38;5;39m[    0.073033][0m[38;5;37m PM:[0m hibernation: Registered nosave memory: [mem 0x7b000000-0x807fffff]
[38;5;39m[    0.073033][0m[38;5;37m PM:[0m hibernation: Registered nosave memory: [mem 0x80800000-0xfdffffff]
[38;5;39m[    0.073034][0m[38;5;37m PM:[0m hibernation: Registered nosave memory: [mem 0xfe000000-0xfe010fff]
[38;5;39m[    0.073034][0m[38;5;37m PM:[0m hibernation: Registered nosave memory: [mem 0xfe011000-0xfebfffff]
[38;5;39m[    0.073034][0m[38;5;37m PM:[0m hibernation: Registered nosave memory: [mem 0xfec00000-0xfec00fff]
[38;5;39m[    0.073034][0m[38;5;37m PM:[0m hibernation: Registered nosave memory: [mem 0xfec01000-0xfecfffff]
[38;5;39m[    0.073035][0m[38;5;37m PM:[0m hibernation: Registered nosave memory: [mem 0xfed00000-0xfed00fff]
[38;5;39m[    0.073035][0m[38;5;37m PM:[0m hibernation: Registered nosave memory: [mem 0xfed01000-0xfed1ffff]
[38;5;39m[    0.073035][0m[38;5;37m PM:[0m hibernation: Registered nosave memory: [mem 0xfed20000-0xfed7ffff]
[38;5;39m[    0.073035][0m[38;5;37m PM:[0m hibernation: Registered nosave memory: [mem 0xfed80000-0xfedfffff]
[38;5;39m[    0.073036][0m[38;5;37m PM:[0m hibernation: Registered nosave memory: [mem 0xfee00000-0xfee00fff]
[38;5;39m[    0.073036][0m[38;5;37m PM:[0m hibernation: Registered nosave memory: [mem 0xfee01000-0xffffffff]
[38;5;39m[    0.073039][0m[38;5;37m clocksource:[0m refined-jiffies: mask: 0xffffffff max_cycles: 0xffffffff, max_idle_ns: 1910969940391419 ns
[38;5;39m[    0.076715][0m[38;5;37m setup_percpu:[0m NR_CPUS:8192 nr_cpumask_bits:28 nr_cpu_ids:28 nr_node_ids:1
[38;5;39m[    0.077801][0m[38;5;37m percpu:[0m Embedded 67 pages/cpu s237568 r8192 d28672 u524288
[38;5;39m[    0.077821][0m[38;5;33m Kernel command line:[0m BOOT_IMAGE=/boot/vmlinuz-linux root=UUID=56a47d8a-b116-452c-9435-8e0c7cb92898 rw loglevel=3 quiet
[38;5;39m[    0.077855][0m[38;5;37m printk:[0m log_buf_len individual max cpu contribution: 4096 bytes
[38;5;39m[    0.077856][0m[38;5;37m printk:[0m log_buf_len total cpu_extra contributions: 110592 bytes
[38;5;39m[    0.077856][0m[38;5;37m printk:[0m log_buf_len min size: 131072 bytes
[38;5;39m[    0.077961][0m[38;5;37m printk:[0m log buffer data + meta data: 262144 + 917504 = 1179648 bytes
[38;5;39m[    0.077961][0m[38;5;37m printk:[0m early log buf free: 112152(85%)
[38;5;39m[    0.081923][0m[38;5;37m Dentry cache hash table entries:[0m 8388608 (order: 14, 67108864 bytes, linear)
[38;5;39m[    0.083912][0m[38;5;37m Inode-cache hash table entries:[0m 4194304 (order: 13, 33554432 bytes, linear)
[38;5;39m[    0.084082][0m[38;5;37m Fallback order for Node 0:[0m 0 
[38;5;39m[    0.084085][0m[38;5;37m Built 1 zonelists, mobility grouping on.  Total pages:[0m 16718558
[38;5;39m[    0.084085][0m[38;5;37m Policy zone:[0m Normal
[38;5;39m[    0.084239][0m[38;5;37m mem auto-init:[0m stack:all(zero), heap alloc:on, heap free:off
[38;5;39m[    0.084246][0m[38;5;37m software IO TLB:[0m area num 32.
[38;5;39m[    0.160456][0m[38;5;37m SLUB:[0m HWalign=64, Order=0-3, MinObjects=0, CPUs=28, Nodes=1
[38;5;39m[    0.160499][0m[38;5;37m ftrace:[0m allocating 55232 entries in 216 pages
[38;5;39m[    0.171544][0m[38;5;37m ftrace:[0m allocated 216 pages with 4 groups
[38;5;39m[    0.171603][0m[38;5;37m Dynamic Preempt:[0m full
[38;5;39m[    0.171672][0m[38;5;37m rcu:[0m Preemptible hierarchical RCU implementation.
[38;5;39m[    0.171673][0m[38;5;37m rcu:[0m 	RCU restricting CPUs from NR_CPUS=8192 to nr_cpu_ids=28.
[38;5;39m[    0.171673][0m[38;5;37m rcu:[0m 	RCU priority boosting: priority 1 delay 500 ms.
[38;5;39m[    0.171675][0m[38;5;37m rcu:[0m RCU calculated value of scheduler-enlistment delay is 100 jiffies.
[38;5;39m[    0.171676][0m[38;5;37m rcu:[0m Adjusting geometry for rcu_fanout_leaf=16, nr_cpu_ids=28
[38;5;39m[    0.171686][0m[38;5;37m RCU Tasks:[0m Setting shift to 5 and lim to 1 rcu_task_cb_adjust=1 rcu_task_cpu_ids=28.
[38;5;39m[    0.171688][0m[38;5;37m RCU Tasks Rude:[0m Setting shift to 5 and lim to 1 rcu_task_cb_adjust=1 rcu_task_cpu_ids=28.
[38;5;39m[    0.171689][0m[38;5;37m RCU Tasks Trace:[0m Setting shift to 5 and lim to 1 rcu_task_cb_adjust=1 rcu_task_cpu_ids=28.
[38;5;39m[    0.174281][0m[38;5;37m NR_IRQS:[0m 524544, nr_irqs: 2280, preallocated irqs: 16
[38;5;39m[    0.174575][0m[38;5;37m rcu:[0m srcu_init: Setting srcu_struct sizes based on contention.
[38;5;39m[    0.174777][0m[38;5;37m kfence:[0m initialized - using 2097152 bytes for 255 objects at 0x(____ptrval____)-0x(____ptrval____)
[38;5;39m[    0.174803][0m[38;5;37m Console:[0m colour dummy device 80x25
[38;5;39m[    0.174805][0m[38;5;37m printk:[0m legacy console [tty0] enabled
[38;5;39m[    0.174834][0m[38;5;37m ACPI:[0m Core revision 20240827
[38;5;39m[    0.175127][0m[38;5;37m clocksource:[0m hpet: mask: 0xffffffff max_cycles: 0xffffffff, max_idle_ns: 99544814920 ns
[38;5;39m[    0.175218][0m[38;5;37m APIC:[0m Switch to symmetric I/O mode setup
[38;5;39m[    0.175219][0m[38;5;37m DMAR:[0m Host address width 39
[38;5;39m[    0.175219][0m[38;5;37m DMAR:[0m DRHD base: 0x000000fed90000 flags: 0x0
[38;5;39m[    0.175223][0m[38;5;37m DMAR:[0m dmar0: reg_base_addr fed90000 ver 4:0 cap 1c0000c40660462 ecap 29a00f0505e
[38;5;39m[    0.175224][0m[38;5;37m DMAR:[0m DRHD base: 0x000000fed91000 flags: 0x1
[38;5;39m[    0.175227][0m[38;5;37m DMAR:[0m dmar1: reg_base_addr fed91000 ver 5:0 cap d2008c40660462 ecap f050da
[38;5;39m[    0.175229][0m[38;5;37m DMAR:[0m RMRR base: 0x0000007c000000 end: 0x000000807fffff
[38;5;39m[    0.175230][0m[38;5;37m DMAR-IR:[0m IOAPIC id 2 under DRHD base  0xfed91000 IOMMU 1
[38;5;39m[    0.175231][0m[38;5;37m DMAR-IR:[0m HPET id 0 under DRHD base 0xfed91000
[38;5;39m[    0.175232][0m[38;5;37m DMAR-IR:[0m Queued invalidation will be enabled to support x2apic and Intr-remapping.
[38;5;39m[    0.176834][0m[38;5;37m DMAR-IR:[0m Enabled IRQ remapping in x2apic mode
[38;5;39m[    0.176877][0m[38;5;37m APIC:[0m Switched APIC routing to: cluster x2apic
[38;5;39m[    0.181384][0m[38;5;37m ..TIMER:[0m vector=0x30 apic1=0 pin1=2 apic2=-1 pin2=-1
[38;5;39m[    0.186185][0m[38;5;37m clocksource:[0m tsc-early: mask: 0xffffffffffffffff max_cycles: 0x3143404a908, max_idle_ns: 440795209397 ns
[38;5;39m[    0.186229][0m[38;5;37m CPU0:[0m Thermal monitoring enabled (TM1)
[38;5;39m[    0.186230][0m[38;5;37m x86/cpu:[0m User Mode Instruction Prevention (UMIP) activated
[38;5;39m[    0.186337][0m[38;5;37m CET detected:[0m Indirect Branch Tracking enabled
[38;5;39m[    0.186339][0m[38;5;37m Last level iTLB entries:[0m 4KB 0, 2MB 0, 4MB 0
[38;5;39m[    0.186339][0m[38;5;37m Last level dTLB entries:[0m 4KB 0, 2MB 0, 4MB 0, 1GB 0
[38;5;39m[    0.186341][0m[38;5;37m process:[0m using mwait in idle threads
[38;5;39m[    0.186342][0m[38;5;37m Spectre V1 :[0m Mitigation: usercopy/swapgs barriers and __user pointer sanitization
[38;5;39m[    0.186343][0m[38;5;37m Spectre V2 :[0m Mitigation: Enhanced / Automatic IBRS
[38;5;39m[    0.186344][0m[38;5;37m Spectre V2 :[0m Spectre v2 / SpectreRSB mitigation: Filling RSB on context switch
[38;5;39m[    0.186344][0m[38;5;37m Spectre V2 :[0m Spectre v2 / PBRSB-eIBRS: Retire a single CALL on VMEXIT
[38;5;39m[    0.186345][0m[38;5;37m Spectre V2 :[0m mitigation: Enabling conditional Indirect Branch Prediction Barrier
[38;5;39m[    0.186346][0m[38;5;37m Speculative Store Bypass:[0m Mitigation: Speculative Store Bypass disabled via prctl
[38;5;39m[    0.186346][0m[38;5;37m Register File Data Sampling:[0m Mitigation: Clear Register File
[38;5;39m[    0.186352][0m[38;5;37m x86/fpu:[0m Supporting XSAVE feature 0x001: 'x87 floating point registers'
[38;5;39m[    0.186353][0m[38;5;37m x86/fpu:[0m Supporting XSAVE feature 0x002: 'SSE registers'
[38;5;39m[    0.186353][0m[38;5;37m x86/fpu:[0m Supporting XSAVE feature 0x004: 'AVX registers'
[38;5;39m[    0.186354][0m[38;5;37m x86/fpu:[0m Supporting XSAVE feature 0x200: 'Protection Keys User registers'
[38;5;39m[    0.186354][0m[38;5;37m x86/fpu:[0m Supporting XSAVE feature 0x800: 'Control-flow User registers'
[38;5;39m[    0.186355][0m[38;5;37m x86/fpu:[0m xstate_offset[2]:  576, xstate_sizes[2]:  256
[38;5;39m[    0.186355][0m[38;5;37m x86/fpu:[0m xstate_offset[9]:  832, xstate_sizes[9]:    8
[38;5;39m[    0.186356][0m[38;5;37m x86/fpu:[0m xstate_offset[11]:  840, xstate_sizes[11]:   16
[38;5;39m[    0.186357][0m[38;5;37m x86/fpu:[0m Enabled xstate features 0xa07, context size is 856 bytes, using 'compacted' format.
[38;5;39m[    0.196870][0m[38;5;37m Freeing SMP alternatives memory:[0m 48K
[38;5;39m[    0.196873][0m[38;5;37m pid_max:[0m default: 32768 minimum: 301
[38;5;39m[    0.199109][0m[38;5;37m LSM:[0m initializing lsm=capability,landlock,lockdown,yama,bpf
[38;5;39m[    0.199149][0m[38;5;37m landlock:[0m Up and running.
[38;5;39m[    0.199150][0m[38;5;37m Yama:[0m becoming mindful.
[38;5;39m[    0.199326][0m[38;5;37m Mount-cache hash table entries:[0m 131072 (order: 8, 1048576 bytes, linear)
[38;5;39m[    0.199393][0m[38;5;37m Mountpoint-cache hash table entries:[0m 131072 (order: 8, 1048576 bytes, linear)
[38;5;39m[    0.199835][0m[38;5;37m smpboot:[0m CPU0: Intel(R) Core(TM) i7-14700K (family: 0x6, model: 0xb7, stepping: 0x1)
[38;5;39m[    0.199943][0m[38;5;37m Performance Events:[0m XSAVE Architectural LBR, PEBS fmt4+-baseline,  AnyThread deprecated, Alderlake Hybrid events, 32-deep LBR, full-width counters, Intel PMU driver.
[38;5;39m[    0.200070][0m[38;5;37m core:[0m cpu_core PMU driver: 
[38;5;39m[    0.200071][0m[38;5;37m ... version:[0m                5
[38;5;39m[    0.200071][0m[38;5;37m ... bit width:[0m              48
[38;5;39m[    0.200071][0m[38;5;37m ... generic registers:[0m      8
[38;5;39m[    0.200072][0m[38;5;37m ... value mask:[0m             0000ffffffffffff
[38;5;39m[    0.200072][0m[38;5;37m ... max period:[0m             00007fffffffffff
[38;5;39m[    0.200072][0m[38;5;37m ... fixed-purpose events:[0m   4
[38;5;39m[    0.200073][0m[38;5;37m ... event mask:[0m             0001000f000000ff
[38;5;39m[    0.200094][0m[38;5;37m signal:[0m max sigframe size: 3632
[38;5;39m[    0.200100][0m[38;5;37m Estimated ratio of average max frequency by base frequency (times 1024):[0m 1656
[38;5;39m[    0.200196][0m[38;5;37m rcu:[0m Hierarchical SRCU implementation.
[38;5;39m[    0.200197][0m[38;5;37m rcu:[0m 	Max phase no-delay instances is 400.
[38;5;39m[    0.200223][0m[38;5;37m Timer migration:[0m 2 hierarchy levels; 8 children per group; 2 crossnode level
[38;5;39m[    0.200970][0m[38;5;37m NMI watchdog:[0m Enabled. Permanently consumes one hw-PMU counter.
[38;5;39m[    0.201078][0m[38;5;37m smp:[0m Bringing up secondary CPUs ...
[38;5;39m[    0.201123][0m[38;5;37m smpboot:[0m x86: Booting SMP configuration:
[38;5;39m[    0.201124][0m[38;5;37m .... node  #0, CPUs:[0m        #2  #4  #6  #8 #10 #12 #14 #16 #17 #18 #19 #20 #21 #22 #23 #24 #25 #26 #27
[38;5;39m[    0.005479][0m[38;5;37m core:[0m cpu_atom PMU driver: 
[38;5;39m[    0.005479][0m[38;5;37m ... version:[0m                5
[38;5;39m[    0.005479][0m[38;5;37m ... bit width:[0m              48
[38;5;39m[    0.005479][0m[38;5;37m ... generic registers:[0m      6
[38;5;39m[    0.005479][0m[38;5;37m ... value mask:[0m             0000ffffffffffff
[38;5;39m[    0.005479][0m[38;5;37m ... max period:[0m             00007fffffffffff
[38;5;39m[    0.005479][0m[38;5;37m ... fixed-purpose events:[0m   3
[38;5;39m[    0.005479][0m[38;5;37m ... event mask:[0m             000000070000003f
[38;5;39m[    0.214219][0m[38;5;37m smp:[0m Brought up 1 node, 28 CPUs
[38;5;39m[    0.214219][0m[38;5;37m smpboot:[0m Total of 28 processors activated (191385.60 BogoMIPS)
[38;5;39m[    0.215321][0m[38;5;37m Memory:[0m 65339264K/66874232K available (20480K kernel code, 2911K rwdata, 16188K rodata, 4520K init, 4972K bss, 1490504K reserved, 0K cma-reserved)
[38;5;39m[    0.216520][0m[38;5;37m devtmpfs:[0m initialized
[38;5;39m[    0.216520][0m[38;5;37m x86/mm:[0m Memory block size: 2048MB
[38;5;39m[    0.216592][0m[38;5;37m ACPI:[0m PM: Registering ACPI NVS region [mem 0x7480f000-0x74a0efff] (2097152 bytes)
[38;5;39m[    0.216592][0m[38;5;37m clocksource:[0m jiffies: mask: 0xffffffff max_cycles: 0xffffffff, max_idle_ns: 1911260446275000 ns
[38;5;39m[    0.216592][0m[38;5;37m futex hash table entries:[0m 8192 (order: 7, 524288 bytes, linear)
[38;5;39m[    0.216592][0m[38;5;37m pinctrl core:[0m initialized pinctrl subsystem
[38;5;39m[    0.217188][0m[38;5;37m PM:[0m RTC time: 13:25:41, date: 2025-04-05
[38;5;39m[    0.217439][0m[38;5;37m NET:[0m Registered PF_NETLINK/PF_ROUTE protocol family
[38;5;39m[    0.217724][0m[38;5;37m DMA:[0m preallocated 4096 KiB GFP_KERNEL pool for atomic allocations
[38;5;39m[    0.217951][0m[38;5;37m DMA:[0m preallocated 4096 KiB GFP_KERNEL|GFP_DMA pool for atomic allocations
[38;5;39m[    0.218185][0m[38;5;37m DMA:[0m preallocated 4096 KiB GFP_KERNEL|GFP_DMA32 pool for atomic allocations
[38;5;39m[    0.218190][0m[38;5;37m audit:[0m initializing netlink subsys (disabled)
[38;5;39m[    0.218195][0m[38;5;33m audit:[0m type=2000 audit(1743859541.039:1): state=initialized audit_enabled=0 res=1
[38;5;39m[    0.218231][0m[38;5;37m thermal_sys:[0m Registered thermal governor 'fair_share'
[38;5;39m[    0.218232][0m[38;5;37m thermal_sys:[0m Registered thermal governor 'bang_bang'
[38;5;39m[    0.218233][0m[38;5;37m thermal_sys:[0m Registered thermal governor 'step_wise'
[38;5;39m[    0.218233][0m[38;5;37m thermal_sys:[0m Registered thermal governor 'user_space'
[38;5;39m[    0.218233][0m[38;5;37m thermal_sys:[0m Registered thermal governor 'power_allocator'
[38;5;39m[    0.218241][0m[38;5;37m cpuidle:[0m using governor ladder
[38;5;39m[    0.218243][0m[38;5;37m cpuidle:[0m using governor menu
[38;5;39m[    0.218257][0m[38;5;37m acpiphp:[0m ACPI Hot Plug PCI Controller Driver version: 0.5
[38;5;39m[    0.218277][0m[38;5;37m PCI:[0m ECAM [mem 0xc0000000-0xcfffffff] (base 0xc0000000) for domain 0000 [bus 00-ff]
[38;5;39m[    0.218284][0m[38;5;37m PCI:[0m Using configuration type 1 for base access
[38;5;39m[    0.218341][0m[38;5;37m kprobes:[0m kprobe jump-optimization is enabled. All kprobes are optimized if possible.
[38;5;39m[    0.223195][0m[38;5;37m HugeTLB:[0m registered 1.00 GiB page size, pre-allocated 0 pages
[38;5;39m[    0.223195][0m[38;5;37m HugeTLB:[0m 16380 KiB vmemmap can be freed for a 1.00 GiB page
[38;5;39m[    0.223195][0m[38;5;37m HugeTLB:[0m registered 2.00 MiB page size, pre-allocated 0 pages
[38;5;39m[    0.223195][0m[38;5;37m HugeTLB:[0m 28 KiB vmemmap can be freed for a 2.00 MiB page
[38;5;39m[    0.223197][0m[38;5;37m raid6:[0m skipped pq benchmark and selected avx2x4
[38;5;39m[    0.223197][0m[38;5;37m raid6:[0m using avx2x2 recovery algorithm
[38;5;39m[    0.223197][0m[38;5;37m ACPI:[0m Added _OSI(Module Device)
[38;5;39m[    0.223197][0m[38;5;37m ACPI:[0m Added _OSI(Processor Device)
[38;5;39m[    0.223197][0m[38;5;37m ACPI:[0m Added _OSI(3.0 _SCP Extensions)
[38;5;39m[    0.223197][0m[38;5;37m ACPI:[0m Added _OSI(Processor Aggregator Device)
[38;5;39m[    0.281763][0m[38;5;37m ACPI:[0m 12 ACPI AML tables successfully acquired and loaded
[38;5;39m[    0.288881][0m[38;5;37m ACPI:[0m Dynamic OEM Table Load:
[38;5;39m[    0.288881][0m[38;5;37m ACPI:[0m SSDT 0xFFFF88B283419400 000394 (v02 PmRef  Cpu0Cst  00003001 INTL 20200717)
[38;5;39m[    0.289306][0m[38;5;37m ACPI:[0m Dynamic OEM Table Load:
[38;5;39m[    0.289309][0m[38;5;37m ACPI:[0m SSDT 0xFFFF88B282939000 000689 (v02 PmRef  Cpu0Ist  00003000 INTL 20200717)
[38;5;39m[    0.289875][0m[38;5;37m ACPI:[0m Dynamic OEM Table Load:
[38;5;39m[    0.289878][0m[38;5;37m ACPI:[0m SSDT 0xFFFF88B282F5DA00 0001AB (v02 PmRef  Cpu0Psd  00003000 INTL 20200717)
[38;5;39m[    0.290394][0m[38;5;37m ACPI:[0m Dynamic OEM Table Load:
[38;5;39m[    0.290396][0m[38;5;37m ACPI:[0m SSDT 0xFFFF88B28293D800 0004B5 (v02 PmRef  Cpu0Hwp  00003000 INTL 20200717)
[38;5;39m[    0.291109][0m[38;5;37m ACPI:[0m Dynamic OEM Table Load:
[38;5;39m[    0.291113][0m[38;5;37m ACPI:[0m SSDT 0xFFFF88B282916000 001BAF (v02 PmRef  ApIst    00003000 INTL 20200717)
[38;5;39m[    0.292005][0m[38;5;37m ACPI:[0m Dynamic OEM Table Load:
[38;5;39m[    0.292008][0m[38;5;37m ACPI:[0m SSDT 0xFFFF88B2835C8000 001038 (v02 PmRef  ApHwp    00003000 INTL 20200717)
[38;5;39m[    0.292785][0m[38;5;37m ACPI:[0m Dynamic OEM Table Load:
[38;5;39m[    0.292787][0m[38;5;37m ACPI:[0m SSDT 0xFFFF88B2835CE000 001349 (v02 PmRef  ApPsd    00003000 INTL 20200717)
[38;5;39m[    0.293582][0m[38;5;37m ACPI:[0m Dynamic OEM Table Load:
[38;5;39m[    0.293584][0m[38;5;37m ACPI:[0m SSDT 0xFFFF88B283422000 000FBB (v02 PmRef  ApCst    00003000 INTL 20200717)
[38;5;39m[    0.300454][0m[38;5;37m ACPI:[0m Interpreter enabled
[38;5;39m[    0.300486][0m[38;5;37m ACPI:[0m PM: (supports S0 S3 S4 S5)
[38;5;39m[    0.300486][0m[38;5;37m ACPI:[0m Using IOAPIC for interrupt routing
[38;5;39m[    0.301196][0m[38;5;37m PCI:[0m Using host bridge windows from ACPI; if necessary, use "pci=nocrs" and report a bug
[38;5;39m[    0.301196][0m[38;5;37m PCI:[0m Ignoring E820 reservations for host bridge windows
[38;5;39m[    0.301885][0m[38;5;37m ACPI:[0m Enabled 6 GPEs in block 00 to 7F
[38;5;39m[    0.312125][0m[38;5;37m ACPI:[0m \_SB_.PC00.XHCI.RHUB.HS14.BTRT: New power resource
[38;5;39m[    0.312133][0m[38;5;37m ACPI:[0m \_SB_.PC00.XHCI.RHUB.HS14.DBTR: New power resource
[38;5;39m[    0.318708][0m[38;5;37m ACPI:[0m \_SB_.PC00.CNVW.WRST: New power resource
[38;5;39m[    0.325236][0m[38;5;37m ACPI:[0m \_TZ_.FN00: New power resource
[38;5;39m[    0.325261][0m[38;5;37m ACPI:[0m \_TZ_.FN01: New power resource
[38;5;39m[    0.325285][0m[38;5;37m ACPI:[0m \_TZ_.FN02: New power resource
[38;5;39m[    0.325307][0m[38;5;37m ACPI:[0m \_TZ_.FN03: New power resource
[38;5;39m[    0.325330][0m[38;5;37m ACPI:[0m \_TZ_.FN04: New power resource
[38;5;39m[    0.325605][0m[38;5;37m ACPI:[0m \PIN_: New power resource
[38;5;39m[    0.325759][0m[38;5;37m ACPI:[0m PCI Root Bridge [PC00] (domain 0000 [bus 00-fe])
[38;5;39m[    0.325762][0m[38;5;37m acpi PNP0A08:[0m00: _OSC: OS supports [ExtendedConfig ASPM ClockPM Segments MSI EDR HPX-Type3]
[38;5;39m[    0.329591][0m[38;5;37m acpi PNP0A08:[0m00: _OSC: OS now controls [PCIeHotplug SHPCHotplug PME AER PCIeCapability LTR DPC]
[38;5;39m[    0.329593][0m[38;5;37m acpi PNP0A08:[0m00: FADT indicates ASPM is unsupported, using BIOS configuration
[38;5;39m[    0.330576][0m[38;5;37m PCI host bridge to bus 0000:[0m00
[38;5;39m[    0.330578][0m[38;5;37m pci_bus 0000:[0m00: root bus resource [io  0x0000-0x0cf7 window]
[38;5;39m[    0.330580][0m[38;5;37m pci_bus 0000:[0m00: root bus resource [io  0x0d00-0xffff window]
[38;5;39m[    0.330581][0m[38;5;37m pci_bus 0000:[0m00: root bus resource [mem 0x000a0000-0x000bffff window]
[38;5;39m[    0.330582][0m[38;5;37m pci_bus 0000:[0m00: root bus resource [mem 0x000e0000-0x000fffff window]
[38;5;39m[    0.330583][0m[38;5;37m pci_bus 0000:[0m00: root bus resource [mem 0x80800000-0xbfffffff window]
[38;5;39m[    0.330584][0m[38;5;37m pci_bus 0000:[0m00: root bus resource [mem 0x4000000000-0x7fffffffff window]
[38;5;39m[    0.330585][0m[38;5;37m pci_bus 0000:[0m00: root bus resource [bus 00-fe]
[38;5;39m[    0.330612][0m[38;5;37m pci 0000:[0m00:00.0: [8086:a740] type 00 class 0x060000 conventional PCI endpoint
[38;5;39m[    0.330707][0m[38;5;37m pci 0000:[0m00:01.0: [8086:a70d] type 01 class 0x060400 PCIe Root Port
[38;5;39m[    0.330717][0m[38;5;37m pci 0000:[0m00:01.0: PCI bridge to [bus 01]
[38;5;39m[    0.330719][0m[38;5;37m pci 0000:[0m00:01.0:   bridge window [io  0x5000-0x5fff]
[38;5;39m[    0.330721][0m[38;5;37m pci 0000:[0m00:01.0:   bridge window [mem 0x81000000-0x820fffff]
[38;5;39m[    0.330724][0m[38;5;37m pci 0000:[0m00:01.0:   bridge window [mem 0x6000000000-0x6401ffffff 64bit pref]
[38;5;39m[    0.330755][0m[38;5;37m pci 0000:[0m00:01.0: PME# supported from D0 D3hot D3cold
[38;5;39m[    0.330769][0m[38;5;37m pci 0000:[0m00:01.0: PTM enabled (root), 4ns granularity
[38;5;39m[    0.331264][0m[38;5;37m pci 0000:[0m00:02.0: [8086:a780] type 00 class 0x038000 PCIe Root Complex Integrated Endpoint
[38;5;39m[    0.331270][0m[38;5;37m pci 0000:[0m00:02.0: BAR 0 [mem 0x6402000000-0x6402ffffff 64bit]
[38;5;39m[    0.331273][0m[38;5;37m pci 0000:[0m00:02.0: BAR 2 [mem 0x4000000000-0x400fffffff 64bit pref]
[38;5;39m[    0.331276][0m[38;5;37m pci 0000:[0m00:02.0: BAR 4 [io  0x6000-0x603f]
[38;5;39m[    0.331286][0m[38;5;37m pci 0000:[0m00:02.0: DMAR: Skip IOMMU disabling for graphics
[38;5;39m[    0.331302][0m[38;5;37m pci 0000:[0m00:02.0: VF BAR 0 [mem 0x00000000-0x00ffffff 64bit]
[38;5;39m[    0.331303][0m[38;5;37m pci 0000:[0m00:02.0: VF BAR 0 [mem 0x00000000-0x06ffffff 64bit]: contains BAR 0 for 7 VFs
[38;5;39m[    0.331306][0m[38;5;37m pci 0000:[0m00:02.0: VF BAR 2 [mem 0x00000000-0x1fffffff 64bit pref]
[38;5;39m[    0.331306][0m[38;5;37m pci 0000:[0m00:02.0: VF BAR 2 [mem 0x00000000-0xdfffffff 64bit pref]: contains BAR 2 for 7 VFs
[38;5;39m[    0.331428][0m[38;5;37m pci 0000:[0m00:06.0: [8086:a74d] type 01 class 0x060400 PCIe Root Port
[38;5;39m[    0.331439][0m[38;5;37m pci 0000:[0m00:06.0: PCI bridge to [bus 02]
[38;5;39m[    0.331441][0m[38;5;37m pci 0000:[0m00:06.0:   bridge window [mem 0x82400000-0x824fffff]
[38;5;39m[    0.331476][0m[38;5;37m pci 0000:[0m00:06.0: PME# supported from D0 D3hot D3cold
[38;5;39m[    0.331491][0m[38;5;37m pci 0000:[0m00:06.0: PTM enabled (root), 4ns granularity
[38;5;39m[    0.331976][0m[38;5;37m pci 0000:[0m00:08.0: [8086:a74f] type 00 class 0x088000 conventional PCI endpoint
[38;5;39m[    0.331983][0m[38;5;37m pci 0000:[0m00:08.0: BAR 0 [mem 0x640312f000-0x640312ffff 64bit]
[38;5;39m[    0.332052][0m[38;5;37m pci 0000:[0m00:0a.0: [8086:a77d] type 00 class 0x118000 PCIe Root Complex Integrated Endpoint
[38;5;39m[    0.332057][0m[38;5;37m pci 0000:[0m00:0a.0: BAR 0 [mem 0x6403110000-0x6403117fff 64bit]
[38;5;39m[    0.332071][0m[38;5;37m pci 0000:[0m00:0a.0: enabling Extended Tags
[38;5;39m[    0.332158][0m[38;5;37m pci 0000:[0m00:14.0: [8086:7a60] type 00 class 0x0c0330 conventional PCI endpoint
[38;5;39m[    0.332174][0m[38;5;37m pci 0000:[0m00:14.0: BAR 0 [mem 0x6403100000-0x640310ffff 64bit]
[38;5;39m[    0.332238][0m[38;5;37m pci 0000:[0m00:14.0: PME# supported from D3hot D3cold
[38;5;39m[    0.332802][0m[38;5;37m pci 0000:[0m00:14.2: [8086:7a27] type 00 class 0x050000 conventional PCI endpoint
[38;5;39m[    0.332821][0m[38;5;37m pci 0000:[0m00:14.2: BAR 0 [mem 0x6403128000-0x640312bfff 64bit]
[38;5;39m[    0.332832][0m[38;5;37m pci 0000:[0m00:14.2: BAR 2 [mem 0x640312e000-0x640312efff 64bit]
[38;5;39m[    0.332968][0m[38;5;37m pci 0000:[0m00:14.3: [8086:7a70] type 00 class 0x028000 PCIe Root Complex Integrated Endpoint
[38;5;39m[    0.333007][0m[38;5;37m pci 0000:[0m00:14.3: BAR 0 [mem 0x6403124000-0x6403127fff 64bit]
[38;5;39m[    0.333123][0m[38;5;37m pci 0000:[0m00:14.3: PME# supported from D0 D3hot D3cold
[38;5;39m[    0.333359][0m[38;5;37m pci 0000:[0m00:16.0: [8086:7a68] type 00 class 0x078000 conventional PCI endpoint
[38;5;39m[    0.333379][0m[38;5;37m pci 0000:[0m00:16.0: BAR 0 [mem 0x640312d000-0x640312dfff 64bit]
[38;5;39m[    0.333454][0m[38;5;37m pci 0000:[0m00:16.0: PME# supported from D3hot
[38;5;39m[    0.333935][0m[38;5;37m pci 0000:[0m00:17.0: [8086:7a62] type 00 class 0x010601 conventional PCI endpoint
[38;5;39m[    0.333948][0m[38;5;37m pci 0000:[0m00:17.0: BAR 0 [mem 0x82500000-0x82501fff]
[38;5;39m[    0.333955][0m[38;5;37m pci 0000:[0m00:17.0: BAR 1 [mem 0x82503000-0x825030ff]
[38;5;39m[    0.333961][0m[38;5;37m pci 0000:[0m00:17.0: BAR 2 [io  0x6090-0x6097]
[38;5;39m[    0.333970][0m[38;5;37m pci 0000:[0m00:17.0: BAR 3 [io  0x6080-0x6083]
[38;5;39m[    0.333977][0m[38;5;37m pci 0000:[0m00:17.0: BAR 4 [io  0x6060-0x607f]
[38;5;39m[    0.333984][0m[38;5;37m pci 0000:[0m00:17.0: BAR 5 [mem 0x82502000-0x825027ff]
[38;5;39m[    0.334020][0m[38;5;37m pci 0000:[0m00:17.0: PME# supported from D3hot
[38;5;39m[    0.334302][0m[38;5;37m pci 0000:[0m00:1c.0: [8086:7a38] type 01 class 0x060400 PCIe Root Port
[38;5;39m[    0.334326][0m[38;5;37m pci 0000:[0m00:1c.0: PCI bridge to [bus 03]
[38;5;39m[    0.334331][0m[38;5;37m pci 0000:[0m00:1c.0:   bridge window [mem 0x82300000-0x823fffff]
[38;5;39m[    0.334406][0m[38;5;37m pci 0000:[0m00:1c.0: PME# supported from D0 D3hot D3cold
[38;5;39m[    0.334440][0m[38;5;37m pci 0000:[0m00:1c.0: PTM enabled (root), 4ns granularity
[38;5;39m[    0.334957][0m[38;5;37m pci 0000:[0m00:1c.2: [8086:7a3a] type 01 class 0x060400 PCIe Root Port
[38;5;39m[    0.334981][0m[38;5;37m pci 0000:[0m00:1c.2: PCI bridge to [bus 04]
[38;5;39m[    0.334984][0m[38;5;37m pci 0000:[0m00:1c.2:   bridge window [io  0x4000-0x4fff]
[38;5;39m[    0.334987][0m[38;5;37m pci 0000:[0m00:1c.2:   bridge window [mem 0x82200000-0x822fffff]
[38;5;39m[    0.335066][0m[38;5;37m pci 0000:[0m00:1c.2: PME# supported from D0 D3hot D3cold
[38;5;39m[    0.335100][0m[38;5;37m pci 0000:[0m00:1c.2: PTM enabled (root), 4ns granularity
[38;5;39m[    0.335603][0m[38;5;37m pci 0000:[0m00:1c.3: [8086:7a3b] type 01 class 0x060400 PCIe Root Port
[38;5;39m[    0.335628][0m[38;5;37m pci 0000:[0m00:1c.3: PCI bridge to [bus 05]
[38;5;39m[    0.335631][0m[38;5;37m pci 0000:[0m00:1c.3:   bridge window [io  0x3000-0x3fff]
[38;5;39m[    0.335634][0m[38;5;37m pci 0000:[0m00:1c.3:   bridge window [mem 0x82100000-0x821fffff]
[38;5;39m[    0.335708][0m[38;5;37m pci 0000:[0m00:1c.3: PME# supported from D0 D3hot D3cold
[38;5;39m[    0.335742][0m[38;5;37m pci 0000:[0m00:1c.3: PTM enabled (root), 4ns granularity
[38;5;39m[    0.336263][0m[38;5;37m pci 0000:[0m00:1f.0: [8086:7a04] type 00 class 0x060100 conventional PCI endpoint
[38;5;39m[    0.336574][0m[38;5;37m pci 0000:[0m00:1f.3: [8086:7a50] type 00 class 0x040300 conventional PCI endpoint
[38;5;39m[    0.336614][0m[38;5;37m pci 0000:[0m00:1f.3: BAR 0 [mem 0x6403120000-0x6403123fff 64bit]
[38;5;39m[    0.336666][0m[38;5;37m pci 0000:[0m00:1f.3: BAR 4 [mem 0x6403000000-0x64030fffff 64bit]
[38;5;39m[    0.336766][0m[38;5;37m pci 0000:[0m00:1f.3: PME# supported from D3hot D3cold
[38;5;39m[    0.336853][0m[38;5;37m pci 0000:[0m00:1f.4: [8086:7a23] type 00 class 0x0c0500 conventional PCI endpoint
[38;5;39m[    0.336875][0m[38;5;37m pci 0000:[0m00:1f.4: BAR 0 [mem 0x640312c000-0x640312c0ff 64bit]
[38;5;39m[    0.336902][0m[38;5;37m pci 0000:[0m00:1f.4: BAR 4 [io  0xefa0-0xefbf]
[38;5;39m[    0.337119][0m[38;5;37m pci 0000:[0m00:1f.5: [8086:7a24] type 00 class 0x0c8000 conventional PCI endpoint
[38;5;39m[    0.337136][0m[38;5;37m pci 0000:[0m00:1f.5: BAR 0 [mem 0xfe010000-0xfe010fff]
[38;5;39m[    0.337266][0m[38;5;37m pci 0000:[0m01:00.0: [10de:2504] type 00 class 0x030000 PCIe Legacy Endpoint
[38;5;39m[    0.337273][0m[38;5;37m pci 0000:[0m01:00.0: BAR 0 [mem 0x81000000-0x81ffffff]
[38;5;39m[    0.337279][0m[38;5;37m pci 0000:[0m01:00.0: BAR 1 [mem 0x6000000000-0x63ffffffff 64bit pref]
[38;5;39m[    0.337285][0m[38;5;37m pci 0000:[0m01:00.0: BAR 3 [mem 0x6400000000-0x6401ffffff 64bit pref]
[38;5;39m[    0.337289][0m[38;5;37m pci 0000:[0m01:00.0: BAR 5 [io  0x5000-0x507f]
[38;5;39m[    0.337293][0m[38;5;37m pci 0000:[0m01:00.0: ROM [mem 0x82000000-0x8207ffff pref]
[38;5;39m[    0.337329][0m[38;5;37m pci 0000:[0m01:00.0: PME# supported from D0 D3hot
[38;5;39m[    0.337453][0m[38;5;37m pci 0000:[0m01:00.1: [10de:228e] type 00 class 0x040300 PCIe Endpoint
[38;5;39m[    0.337459][0m[38;5;37m pci 0000:[0m01:00.1: BAR 0 [mem 0x82080000-0x82083fff]
[38;5;39m[    0.337541][0m[38;5;37m pci 0000:[0m00:01.0: PCI bridge to [bus 01]
[38;5;39m[    0.337573][0m[38;5;37m pci 0000:[0m02:00.0: [15b7:5030] type 00 class 0x010802 PCIe Endpoint
[38;5;39m[    0.337583][0m[38;5;37m pci 0000:[0m02:00.0: BAR 0 [mem 0x82400000-0x82403fff 64bit]
[38;5;39m[    0.337738][0m[38;5;37m pci 0000:[0m00:06.0: PCI bridge to [bus 02]
[38;5;39m[    0.337802][0m[38;5;37m pci 0000:[0m03:00.0: [1b21:3241] type 00 class 0x0c0330 PCIe Legacy Endpoint
[38;5;39m[    0.337825][0m[38;5;37m pci 0000:[0m03:00.0: BAR 0 [mem 0x82300000-0x82307fff 64bit]
[38;5;39m[    0.337878][0m[38;5;37m pci 0000:[0m03:00.0: enabling Extended Tags
[38;5;39m[    0.337961][0m[38;5;37m pci 0000:[0m03:00.0: PME# supported from D0 D3hot D3cold
[38;5;39m[    0.338036][0m[38;5;37m pci 0000:[0m03:00.0: 15.752 Gb/s available PCIe bandwidth, limited by 8.0 GT/s PCIe x2 link at 0000:00:1c.0 (capable of 31.504 Gb/s with 8.0 GT/s PCIe x4 link)
[38;5;39m[    0.338132][0m[38;5;37m pci 0000:[0m00:1c.0: PCI bridge to [bus 03]
[38;5;39m[    0.338199][0m[38;5;37m pci 0000:[0m04:00.0: [10ec:8168] type 00 class 0x020000 PCIe Endpoint
[38;5;39m[    0.338219][0m[38;5;37m pci 0000:[0m04:00.0: BAR 0 [io  0x4000-0x40ff]
[38;5;39m[    0.338244][0m[38;5;37m pci 0000:[0m04:00.0: BAR 2 [mem 0x82204000-0x82204fff 64bit]
[38;5;39m[    0.338260][0m[38;5;37m pci 0000:[0m04:00.0: BAR 4 [mem 0x82200000-0x82203fff 64bit]
[38;5;39m[    0.338389][0m[38;5;37m pci 0000:[0m04:00.0: supports D1 D2
[38;5;39m[    0.338390][0m[38;5;37m pci 0000:[0m04:00.0: PME# supported from D0 D1 D2 D3hot D3cold
[38;5;39m[    0.338611][0m[38;5;37m pci 0000:[0m00:1c.2: PCI bridge to [bus 04]
[38;5;39m[    0.338674][0m[38;5;37m pci 0000:[0m05:00.0: [10ec:8125] type 00 class 0x020000 PCIe Endpoint
[38;5;39m[    0.338692][0m[38;5;37m pci 0000:[0m05:00.0: BAR 0 [io  0x3000-0x30ff]
[38;5;39m[    0.338715][0m[38;5;37m pci 0000:[0m05:00.0: BAR 2 [mem 0x82100000-0x8210ffff 64bit]
[38;5;39m[    0.338729][0m[38;5;37m pci 0000:[0m05:00.0: BAR 4 [mem 0x82110000-0x82113fff 64bit]
[38;5;39m[    0.338859][0m[38;5;37m pci 0000:[0m05:00.0: supports D1 D2
[38;5;39m[    0.338860][0m[38;5;37m pci 0000:[0m05:00.0: PME# supported from D0 D1 D2 D3hot D3cold
[38;5;39m[    0.339129][0m[38;5;37m pci 0000:[0m00:1c.3: PCI bridge to [bus 05]
[38;5;39m[    0.340952][0m[38;5;37m ACPI:[0m PCI: Interrupt link LNKA configured for IRQ 0
[38;5;39m[    0.341037][0m[38;5;37m ACPI:[0m PCI: Interrupt link LNKB configured for IRQ 1
[38;5;39m[    0.341120][0m[38;5;37m ACPI:[0m PCI: Interrupt link LNKC configured for IRQ 0
[38;5;39m[    0.341203][0m[38;5;37m ACPI:[0m PCI: Interrupt link LNKD configured for IRQ 0
[38;5;39m[    0.341286][0m[38;5;37m ACPI:[0m PCI: Interrupt link LNKE configured for IRQ 0
[38;5;39m[    0.341369][0m[38;5;37m ACPI:[0m PCI: Interrupt link LNKF configured for IRQ 0
[38;5;39m[    0.341451][0m[38;5;37m ACPI:[0m PCI: Interrupt link LNKG configured for IRQ 0
[38;5;39m[    0.341533][0m[38;5;37m ACPI:[0m PCI: Interrupt link LNKH configured for IRQ 0
[38;5;39m[    0.347387][0m[38;5;37m iommu:[0m Default domain type: Translated
[38;5;39m[    0.347387][0m[38;5;37m iommu:[0m DMA domain TLB invalidation policy: lazy mode
[38;5;39m[    0.347387][0m[38;5;37m ACPI:[0m bus type USB registered
[38;5;39m[    0.347387][0m[38;5;37m usbcore:[0m registered new interface driver usbfs
[38;5;39m[    0.347387][0m[38;5;37m usbcore:[0m registered new interface driver hub
[38;5;39m[    0.347387][0m[38;5;37m usbcore:[0m registered new device driver usb
[38;5;39m[    0.347387][0m[38;5;37m EDAC MC:[0m Ver: 3.0.0
[38;5;39m[    0.347387][0m[38;5;37m efivars:[0m Registered efivars operations
[38;5;39m[    0.347387][0m[38;5;37m NetLabel:[0m Initializing
[38;5;39m[    0.347387][0m[38;5;37m NetLabel:[0m  domain hash size = 128
[38;5;39m[    0.347387][0m[38;5;37m NetLabel:[0m  protocols = UNLABELED CIPSOv4 CALIPSO
[38;5;39m[    0.347396][0m[38;5;37m NetLabel:[0m  unlabeled traffic allowed by default
[38;5;39m[    0.347399][0m[38;5;37m mctp:[0m management component transport protocol core
[38;5;39m[    0.347400][0m[38;5;37m NET:[0m Registered PF_MCTP protocol family
[38;5;39m[    0.347407][0m[38;5;37m PCI:[0m Using ACPI for IRQ routing
[38;5;39m[    0.370370][0m[38;5;37m pci 0000:[0m00:1f.5: BAR 0 [mem 0xfe010000-0xfe010fff]: can't claim; no compatible bridge window
[38;5;39m[    0.370441][0m[38;5;37m pci 0000:[0m01:00.0: vgaarb: setting as boot VGA device
[38;5;39m[    0.370441][0m[38;5;37m pci 0000:[0m01:00.0: vgaarb: bridge control possible
[38;5;39m[    0.370441][0m[38;5;37m pci 0000:[0m01:00.0: vgaarb: VGA device added: decodes=io+mem,owns=none,locks=none
[38;5;39m[    0.370441][0m[38;5;37m vgaarb:[0m loaded
[38;5;39m[    0.370441][0m[38;5;37m hpet0:[0m at MMIO 0xfed00000, IRQs 2, 8, 0, 0, 0, 0, 0, 0
[38;5;39m[    0.370441][0m[38;5;37m hpet0:[0m 8 comparators, 64-bit 19.200000 MHz counter
[38;5;39m[    0.372231][0m[38;5;37m clocksource:[0m Switched to clocksource tsc-early
[38;5;39m[    0.372516][0m[38;5;33m VFS:[0m Disk quotas dquot_6.6.0
[38;5;39m[    0.372522][0m[38;5;37m VFS:[0m Dquot-cache hash table entries: 512 (order 0, 4096 bytes)
[38;5;39m[    0.372569][0m[38;5;37m pnp:[0m PnP ACPI init
[38;5;39m[    0.372750][0m[38;5;37m system 00:[0m00: [io  0x0a00-0x0a0f] has been reserved
[38;5;39m[    0.372752][0m[38;5;37m system 00:[0m00: [io  0x0a10-0x0a1f] has been reserved
[38;5;39m[    0.372753][0m[38;5;37m system 00:[0m00: [io  0x0a20-0x0a2f] has been reserved
[38;5;39m[    0.372912][0m[38;5;37m system 00:[0m01: [io  0x0680-0x069f] has been reserved
[38;5;39m[    0.372914][0m[38;5;37m system 00:[0m01: [io  0x164e-0x164f] has been reserved
[38;5;39m[    0.373004][0m[38;5;37m system 00:[0m02: [io  0x1854-0x1857] has been reserved
[38;5;39m[    0.374283][0m[38;5;214m pnp 00:[0m03: disabling [mem 0xc0000000-0xcfffffff] because it overlaps 0000:00:02.0 BAR 9 [mem 0x00000000-0xdfffffff 64bit pref]
[38;5;39m[    0.374299][0m[38;5;37m system 00:[0m03: [mem 0xfedc0000-0xfedc7fff] has been reserved
[38;5;39m[    0.374300][0m[38;5;37m system 00:[0m03: [mem 0xfeda0000-0xfeda0fff] has been reserved
[38;5;39m[    0.374301][0m[38;5;37m system 00:[0m03: [mem 0xfeda1000-0xfeda1fff] has been reserved
[38;5;39m[    0.374302][0m[38;5;37m system 00:[0m03: [mem 0xfed20000-0xfed7ffff] could not be reserved
[38;5;39m[    0.374303][0m[38;5;37m system 00:[0m03: [mem 0xfed90000-0xfed93fff] could not be reserved
[38;5;39m[    0.374304][0m[38;5;37m system 00:[0m03: [mem 0xfed45000-0xfed8ffff] could not be reserved
[38;5;39m[    0.374305][0m[38;5;37m system 00:[0m03: [mem 0xfee00000-0xfeefffff] could not be reserved
[38;5;39m[    0.374942][0m[38;5;37m system 00:[0m04: [io  0x2000-0x20fe] has been reserved
[38;5;39m[    0.375545][0m[38;5;37m pnp:[0m PnP ACPI: found 6 devices
[38;5;39m[    0.380825][0m[38;5;37m clocksource:[0m acpi_pm: mask: 0xffffff max_cycles: 0xffffff, max_idle_ns: 2085701024 ns
[38;5;39m[    0.380863][0m[38;5;37m NET:[0m Registered PF_INET protocol family
[38;5;39m[    0.381101][0m[38;5;37m IP idents hash table entries:[0m 262144 (order: 9, 2097152 bytes, linear)
[38;5;39m[    0.391782][0m[38;5;37m tcp_listen_portaddr_hash hash table entries:[0m 32768 (order: 7, 524288 bytes, linear)
[38;5;39m[    0.391836][0m[38;5;37m Table-perturb hash table entries:[0m 65536 (order: 6, 262144 bytes, linear)
[38;5;39m[    0.392269][0m[38;5;37m TCP established hash table entries:[0m 524288 (order: 10, 4194304 bytes, linear)
[38;5;39m[    0.392692][0m[38;5;37m TCP bind hash table entries:[0m 65536 (order: 9, 2097152 bytes, linear)
[38;5;39m[    0.392752][0m[38;5;37m TCP:[0m Hash tables configured (established 524288 bind 65536)
[38;5;39m[    0.393041][0m[38;5;37m MPTCP token hash table entries:[0m 65536 (order: 8, 1572864 bytes, linear)
[38;5;39m[    0.393336][0m[38;5;37m UDP hash table entries:[0m 32768 (order: 9, 2097152 bytes, linear)
[38;5;39m[    0.393671][0m[38;5;37m UDP-Lite hash table entries:[0m 32768 (order: 9, 2097152 bytes, linear)
[38;5;39m[    0.393806][0m[38;5;37m NET:[0m Registered PF_UNIX/PF_LOCAL protocol family
[38;5;39m[    0.393811][0m[38;5;37m NET:[0m Registered PF_XDP protocol family
[38;5;39m[    0.393822][0m[38;5;37m pci 0000:[0m00:02.0: VF BAR 2 [mem 0x4020000000-0x40ffffffff 64bit pref]: assigned
[38;5;39m[    0.393826][0m[38;5;37m pci 0000:[0m00:02.0: VF BAR 0 [mem 0x4010000000-0x4016ffffff 64bit]: assigned
[38;5;39m[    0.393828][0m[38;5;37m pci 0000:[0m00:1f.5: BAR 0 [mem 0x80800000-0x80800fff]: assigned
[38;5;39m[    0.393844][0m[38;5;37m pci 0000:[0m00:01.0: PCI bridge to [bus 01]
[38;5;39m[    0.393845][0m[38;5;37m pci 0000:[0m00:01.0:   bridge window [io  0x5000-0x5fff]
[38;5;39m[    0.393847][0m[38;5;37m pci 0000:[0m00:01.0:   bridge window [mem 0x81000000-0x820fffff]
[38;5;39m[    0.393849][0m[38;5;37m pci 0000:[0m00:01.0:   bridge window [mem 0x6000000000-0x6401ffffff 64bit pref]
[38;5;39m[    0.393851][0m[38;5;37m pci 0000:[0m00:06.0: PCI bridge to [bus 02]
[38;5;39m[    0.393853][0m[38;5;37m pci 0000:[0m00:06.0:   bridge window [mem 0x82400000-0x824fffff]
[38;5;39m[    0.393857][0m[38;5;37m pci 0000:[0m00:1c.0: PCI bridge to [bus 03]
[38;5;39m[    0.393863][0m[38;5;37m pci 0000:[0m00:1c.0:   bridge window [mem 0x82300000-0x823fffff]
[38;5;39m[    0.393870][0m[38;5;37m pci 0000:[0m00:1c.2: PCI bridge to [bus 04]
[38;5;39m[    0.393871][0m[38;5;37m pci 0000:[0m00:1c.2:   bridge window [io  0x4000-0x4fff]
[38;5;39m[    0.393874][0m[38;5;37m pci 0000:[0m00:1c.2:   bridge window [mem 0x82200000-0x822fffff]
[38;5;39m[    0.393880][0m[38;5;37m pci 0000:[0m00:1c.3: PCI bridge to [bus 05]
[38;5;39m[    0.393882][0m[38;5;37m pci 0000:[0m00:1c.3:   bridge window [io  0x3000-0x3fff]
[38;5;39m[    0.393885][0m[38;5;37m pci 0000:[0m00:1c.3:   bridge window [mem 0x82100000-0x821fffff]
[38;5;39m[    0.393891][0m[38;5;37m pci_bus 0000:[0m00: resource 4 [io  0x0000-0x0cf7 window]
[38;5;39m[    0.393892][0m[38;5;37m pci_bus 0000:[0m00: resource 5 [io  0x0d00-0xffff window]
[38;5;39m[    0.393893][0m[38;5;37m pci_bus 0000:[0m00: resource 6 [mem 0x000a0000-0x000bffff window]
[38;5;39m[    0.393894][0m[38;5;37m pci_bus 0000:[0m00: resource 7 [mem 0x000e0000-0x000fffff window]
[38;5;39m[    0.393895][0m[38;5;37m pci_bus 0000:[0m00: resource 8 [mem 0x80800000-0xbfffffff window]
[38;5;39m[    0.393896][0m[38;5;37m pci_bus 0000:[0m00: resource 9 [mem 0x4000000000-0x7fffffffff window]
[38;5;39m[    0.393897][0m[38;5;37m pci_bus 0000:[0m01: resource 0 [io  0x5000-0x5fff]
[38;5;39m[    0.393898][0m[38;5;37m pci_bus 0000:[0m01: resource 1 [mem 0x81000000-0x820fffff]
[38;5;39m[    0.393898][0m[38;5;37m pci_bus 0000:[0m01: resource 2 [mem 0x6000000000-0x6401ffffff 64bit pref]
[38;5;39m[    0.393899][0m[38;5;37m pci_bus 0000:[0m02: resource 1 [mem 0x82400000-0x824fffff]
[38;5;39m[    0.393900][0m[38;5;37m pci_bus 0000:[0m03: resource 1 [mem 0x82300000-0x823fffff]
[38;5;39m[    0.393901][0m[38;5;37m pci_bus 0000:[0m04: resource 0 [io  0x4000-0x4fff]
[38;5;39m[    0.393902][0m[38;5;37m pci_bus 0000:[0m04: resource 1 [mem 0x82200000-0x822fffff]
[38;5;39m[    0.393902][0m[38;5;37m pci_bus 0000:[0m05: resource 0 [io  0x3000-0x3fff]
[38;5;39m[    0.393903][0m[38;5;37m pci_bus 0000:[0m05: resource 1 [mem 0x82100000-0x821fffff]
[38;5;39m[    0.394278][0m[38;5;37m pci 0000:[0m01:00.1: extending delay after power-on from D3hot to 20 msec
[38;5;39m[    0.394296][0m[38;5;37m pci 0000:[0m01:00.1: D0 power state depends on 0000:01:00.0
[38;5;39m[    0.394512][0m[38;5;37m PCI:[0m CLS 64 bytes, default 64
[38;5;39m[    0.394546][0m[38;5;37m PCI-DMA:[0m Using software bounce buffering for IO (SWIOTLB)
[38;5;39m[    0.394547][0m[38;5;37m software IO TLB:[0m mapped [mem 0x0000000053040000-0x0000000057040000] (64MB)
[38;5;39m[    0.394567][0m[38;5;37m clocksource:[0m tsc: mask: 0xffffffffffffffff max_cycles: 0x3143404a908, max_idle_ns: 440795209397 ns
[38;5;39m[    0.394602][0m[38;5;37m clocksource:[0m Switched to clocksource tsc
[38;5;39m[    0.394615][0m[38;5;37m platform rtc_cmos:[0m registered platform RTC device (no PNP device found)
[38;5;39m[    0.412095][0m[38;5;37m workingset:[0m timestamp_bits=36 max_order=24 bucket_order=0
[38;5;39m[    0.412263][0m[38;5;37m fuse:[0m init (API version 7.41)
[38;5;39m[    0.412317][0m[38;5;33m integrity:[0m Platform Keyring initialized
[38;5;39m[    0.412319][0m[38;5;33m integrity:[0m Machine keyring initialized
[38;5;39m[    0.418733][0m[38;5;37m xor:[0m automatically using best checksumming function   avx       
[38;5;39m[    0.419079][0m[38;5;37m ledtrig-cpu:[0m registered to indicate activity on CPUs
[38;5;39m[    0.419257][0m[38;5;37m pcieport 0000:[0m00:01.0: PME: Signaling with IRQ 120
[38;5;39m[    0.419397][0m[38;5;37m pcieport 0000:[0m00:06.0: PME: Signaling with IRQ 121
[38;5;39m[    0.419487][0m[38;5;37m pcieport 0000:[0m00:1c.0: PME: Signaling with IRQ 122
[38;5;39m[    0.419683][0m[38;5;37m pcieport 0000:[0m00:1c.2: PME: Signaling with IRQ 123
[38;5;39m[    0.419866][0m[38;5;37m pcieport 0000:[0m00:1c.3: PME: Signaling with IRQ 124
[38;5;39m[    0.419945][0m[38;5;37m shpchp:[0m Standard Hot Plug PCI Controller Driver version: 0.4
[38;5;39m[    0.420840][0m[38;5;37m input:[0m Sleep Button as /devices/LNXSYSTM:00/LNXSYBUS:00/PNP0C0E:00/input/input0
[38;5;39m[    0.420856][0m[38;5;37m ACPI:[0m button: Sleep Button [SLPB]
[38;5;39m[    0.420872][0m[38;5;37m input:[0m Power Button as /devices/LNXSYSTM:00/LNXSYBUS:00/PNP0C0C:00/input/input1
[38;5;39m[    0.420887][0m[38;5;37m ACPI:[0m button: Power Button [PWRB]
[38;5;39m[    0.420907][0m[38;5;37m input:[0m Power Button as /devices/LNXSYSTM:00/LNXPWRBN:00/input/input2
[38;5;39m[    0.424540][0m[38;5;37m ACPI:[0m button: Power Button [PWRF]
[38;5;39m[    0.429332][0m[38;5;37m thermal LNXTHERM:[0m00: registered as thermal_zone0
[38;5;39m[    0.429334][0m[38;5;37m ACPI:[0m thermal: Thermal Zone [TZ00] (28 C)
[38;5;39m[    0.429425][0m[38;5;37m Serial:[0m 8250/16550 driver, 32 ports, IRQ sharing enabled
[38;5;39m[    0.430118][0m[38;5;37m serial8250:[0m ttyS0 at I/O 0x3f8 (irq = 4, base_baud = 115200) is a 16550A
[38;5;39m[    0.463090][0m[38;5;37m ACPI:[0m bus type drm_connector registered
[38;5;39m[    0.475957][0m[38;5;37m ahci 0000:[0m00:17.0: AHCI vers 0001.0301, 32 command slots, 6 Gbps, SATA mode
[38;5;39m[    0.475958][0m[38;5;37m ahci 0000:[0m00:17.0: 4/4 ports implemented (port mask 0xf0)
[38;5;39m[    0.475959][0m[38;5;37m ahci 0000:[0m00:17.0: flags: 64bit ncq sntf led clo only pio slum part ems deso sadm sds 
[38;5;39m[    0.482691][0m[38;5;37m scsi host0:[0m ahci
[38;5;39m[    0.482743][0m[38;5;37m scsi host1:[0m ahci
[38;5;39m[    0.482781][0m[38;5;37m scsi host2:[0m ahci
[38;5;39m[    0.482819][0m[38;5;37m scsi host3:[0m ahci
[38;5;39m[    0.482854][0m[38;5;37m scsi host4:[0m ahci
[38;5;39m[    0.482893][0m[38;5;37m scsi host5:[0m ahci
[38;5;39m[    0.482934][0m[38;5;37m scsi host6:[0m ahci
[38;5;39m[    0.482971][0m[38;5;37m scsi host7:[0m ahci
[38;5;39m[    0.482983][0m[38;5;37m ata1:[0m DUMMY
[38;5;39m[    0.482983][0m[38;5;37m ata2:[0m DUMMY
[38;5;39m[    0.482984][0m[38;5;37m ata3:[0m DUMMY
[38;5;39m[    0.482984][0m[38;5;37m ata4:[0m DUMMY
[38;5;39m[    0.482990][0m[38;5;37m ata5:[0m SATA max UDMA/133 abar m2048@0x82502000 port 0x82502300 irq 125 lpm-pol 3
[38;5;39m[    0.482992][0m[38;5;37m ata6:[0m SATA max UDMA/133 abar m2048@0x82502000 port 0x82502380 irq 125 lpm-pol 3
[38;5;39m[    0.482993][0m[38;5;37m ata7:[0m SATA max UDMA/133 abar m2048@0x82502000 port 0x82502400 irq 125 lpm-pol 3
[38;5;39m[    0.482994][0m[38;5;37m ata8:[0m SATA max UDMA/133 abar m2048@0x82502000 port 0x82502480 irq 125 lpm-pol 3
[38;5;39m[    0.483119][0m[38;5;37m xhci_hcd 0000:[0m00:14.0: xHCI Host Controller
[38;5;39m[    0.483122][0m[38;5;37m xhci_hcd 0000:[0m00:14.0: new USB bus registered, assigned bus number 1
[38;5;39m[    0.484204][0m[38;5;37m xhci_hcd 0000:[0m00:14.0: hcc params 0x20007fc1 hci version 0x120 quirks 0x0000000200009810
[38;5;39m[    0.484436][0m[38;5;37m xhci_hcd 0000:[0m00:14.0: xHCI Host Controller
[38;5;39m[    0.484437][0m[38;5;37m xhci_hcd 0000:[0m00:14.0: new USB bus registered, assigned bus number 2
[38;5;39m[    0.484438][0m[38;5;37m xhci_hcd 0000:[0m00:14.0: Host supports USB 3.2 Enhanced SuperSpeed
[38;5;39m[    0.484458][0m[38;5;37m usb usb1:[0m New USB device found, idVendor=1d6b, idProduct=0002, bcdDevice= 6.13
[38;5;39m[    0.484459][0m[38;5;37m usb usb1:[0m New USB device strings: Mfr=3, Product=2, SerialNumber=1
[38;5;39m[    0.484460][0m[38;5;37m usb usb1:[0m Product: xHCI Host Controller
[38;5;39m[    0.484460][0m[38;5;37m usb usb1:[0m Manufacturer: Linux 6.13.8-arch1-1 xhci-hcd
[38;5;39m[    0.484461][0m[38;5;37m usb usb1:[0m SerialNumber: 0000:00:14.0
[38;5;39m[    0.484542][0m[38;5;37m hub 1-0:[0m1.0: USB hub found
[38;5;39m[    0.484562][0m[38;5;37m hub 1-0:[0m1.0: 16 ports detected
[38;5;39m[    0.485655][0m[38;5;37m usb usb2:[0m New USB device found, idVendor=1d6b, idProduct=0003, bcdDevice= 6.13
[38;5;39m[    0.485656][0m[38;5;37m usb usb2:[0m New USB device strings: Mfr=3, Product=2, SerialNumber=1
[38;5;39m[    0.485657][0m[38;5;37m usb usb2:[0m Product: xHCI Host Controller
[38;5;39m[    0.485657][0m[38;5;37m usb usb2:[0m Manufacturer: Linux 6.13.8-arch1-1 xhci-hcd
[38;5;39m[    0.485658][0m[38;5;37m usb usb2:[0m SerialNumber: 0000:00:14.0
[38;5;39m[    0.485701][0m[38;5;37m hub 2-0:[0m1.0: USB hub found
[38;5;39m[    0.485718][0m[38;5;37m hub 2-0:[0m1.0: 10 ports detected
[38;5;39m[    0.486535][0m[38;5;37m xhci_hcd 0000:[0m03:00.0: xHCI Host Controller
[38;5;39m[    0.486538][0m[38;5;37m xhci_hcd 0000:[0m03:00.0: new USB bus registered, assigned bus number 3
[38;5;39m[    0.492848][0m[38;5;37m Freeing initrd memory:[0m 211280K
[38;5;39m[    0.542380][0m[38;5;37m xhci_hcd 0000:[0m03:00.0: hcc params 0x0200ef81 hci version 0x110 quirks 0x0000000000000010
[38;5;39m[    0.542674][0m[38;5;37m xhci_hcd 0000:[0m03:00.0: xHCI Host Controller
[38;5;39m[    0.542677][0m[38;5;37m xhci_hcd 0000:[0m03:00.0: new USB bus registered, assigned bus number 4
[38;5;39m[    0.542679][0m[38;5;37m xhci_hcd 0000:[0m03:00.0: Host supports USB 3.2 Enhanced SuperSpeed
[38;5;39m[    0.542722][0m[38;5;37m usb usb3:[0m New USB device found, idVendor=1d6b, idProduct=0002, bcdDevice= 6.13
[38;5;39m[    0.542723][0m[38;5;37m usb usb3:[0m New USB device strings: Mfr=3, Product=2, SerialNumber=1
[38;5;39m[    0.542724][0m[38;5;37m usb usb3:[0m Product: xHCI Host Controller
[38;5;39m[    0.542725][0m[38;5;37m usb usb3:[0m Manufacturer: Linux 6.13.8-arch1-1 xhci-hcd
[38;5;39m[    0.542726][0m[38;5;37m usb usb3:[0m SerialNumber: 0000:03:00.0
[38;5;39m[    0.542854][0m[38;5;37m hub 3-0:[0m1.0: USB hub found
[38;5;39m[    0.542867][0m[38;5;37m hub 3-0:[0m1.0: 1 port detected
[38;5;39m[    0.543045][0m[38;5;37m usb usb4:[0m We don't know the algorithms for LPM for this host, disabling LPM.
[38;5;39m[    0.543056][0m[38;5;37m usb usb4:[0m New USB device found, idVendor=1d6b, idProduct=0003, bcdDevice= 6.13
[38;5;39m[    0.543057][0m[38;5;37m usb usb4:[0m New USB device strings: Mfr=3, Product=2, SerialNumber=1
[38;5;39m[    0.543058][0m[38;5;37m usb usb4:[0m Product: xHCI Host Controller
[38;5;39m[    0.543059][0m[38;5;37m usb usb4:[0m Manufacturer: Linux 6.13.8-arch1-1 xhci-hcd
[38;5;39m[    0.543060][0m[38;5;37m usb usb4:[0m SerialNumber: 0000:03:00.0
[38;5;39m[    0.543158][0m[38;5;37m hub 4-0:[0m1.0: USB hub found
[38;5;39m[    0.543169][0m[38;5;37m hub 4-0:[0m1.0: 1 port detected
[38;5;39m[    0.543325][0m[38;5;37m usbcore:[0m registered new interface driver usbserial_generic
[38;5;39m[    0.543327][0m[38;5;37m usbserial:[0m USB Serial support registered for generic
[38;5;39m[    0.543387][0m[38;5;37m rtc_cmos rtc_cmos:[0m RTC can wake from S4
[38;5;39m[    0.544264][0m[38;5;37m rtc_cmos rtc_cmos:[0m registered as rtc0
[38;5;39m[    0.544445][0m[38;5;37m rtc_cmos rtc_cmos:[0m setting system clock to 2025-04-05T13:25:42 UTC (1743859542)
[38;5;39m[    0.544475][0m[38;5;37m rtc_cmos rtc_cmos:[0m alarms up to one month, y3k, 114 bytes nvram
[38;5;39m[    0.546155][0m[38;5;37m intel_pstate:[0m Intel P-state driver initializing
[38;5;39m[    0.549342][0m[38;5;37m intel_pstate:[0m HWP enabled
[38;5;39m[    0.549605][0m[38;5;37m simple-framebuffer simple-framebuffer.0:[0m [drm] Registered 1 planes with drm panic
[38;5;39m[    0.550996][0m[38;5;37m fbcon:[0m Deferring console take-over
[38;5;39m[    0.550997][0m[38;5;37m simple-framebuffer simple-framebuffer.0:[0m [drm] fb0: simpledrmdrmfb frame buffer device
[38;5;39m[    0.551023][0m[38;5;37m hid:[0m raw HID events driver (C) Jiri Kosina
[38;5;39m[    0.551058][0m[38;5;37m drop_monitor:[0m Initializing network drop monitor service
[38;5;39m[    0.551114][0m[38;5;37m NET:[0m Registered PF_INET6 protocol family
[38;5;39m[    0.554574][0m[38;5;37m NET:[0m Registered PF_PACKET protocol family
[38;5;39m[    0.556362][0m[38;5;37m microcode:[0m Current revision: 0x0000012c
[38;5;39m[    0.556362][0m[38;5;37m microcode:[0m Updated early from: 0x0000012b
[38;5;39m[    0.556971][0m[38;5;37m IPI shorthand broadcast:[0m enabled
[38;5;39m[    0.557670][0m[38;5;37m sched_clock:[0m Marking stable (553000537, 4479497)->(573773357, -16293323)
[38;5;39m[    0.561274][0m[38;5;33m Loaded X.509 cert 'Build time autogenerated kernel key:[0m f155ce62a9f58cbeb85d8ec5a95916318254d20b'
[38;5;39m[    0.565213][0m[38;5;37m zswap:[0m loaded using pool zstd/zsmalloc
[38;5;39m[    0.565239][0m[38;5;37m Demotion targets for Node 0:[0m null
[38;5;39m[    0.565977][0m[38;5;37m integrity:[0m Loading X.509 certificate: UEFI:db
[38;5;39m[    0.565989][0m[38;5;33m integrity:[0m Loaded X.509 cert 'Microsoft Corporation UEFI CA 2011: 13adbf4309bd82709c8cd54f316ed522988a1bd4'
[38;5;39m[    0.565990][0m[38;5;37m integrity:[0m Loading X.509 certificate: UEFI:db
[38;5;39m[    0.565996][0m[38;5;33m integrity:[0m Loaded X.509 cert 'Microsoft Windows Production PCA 2011: a92902398e16c49778cd90f99e4f9ae17c55af53'
[38;5;39m[    0.565996][0m[38;5;37m integrity:[0m Loading X.509 certificate: UEFI:db
[38;5;39m[    0.566002][0m[38;5;33m integrity:[0m Loaded X.509 cert 'Microsoft Corporation: Windows UEFI CA 2023: aefc5fbbbe055d8f8daa585473499417ab5a5272'
[38;5;39m[    0.566002][0m[38;5;37m integrity:[0m Loading X.509 certificate: UEFI:db
[38;5;39m[    0.566007][0m[38;5;33m integrity:[0m Loaded X.509 cert 'Microsoft UEFI CA 2023: 81aa6b3244c935bce0d6628af39827421e32497d'
[38;5;39m[    0.566008][0m[38;5;37m integrity:[0m Loading X.509 certificate: UEFI:db
[38;5;39m[    0.566011][0m[38;5;33m integrity:[0m Loaded X.509 cert 'MSI SHIP DB: ebc30d5be5f35f8041c1c2d9e613eee2'
[38;5;39m[    0.566643][0m[38;5;37m PM:[0m   Magic number: 5:116:432
[38;5;39m[    0.566661][0m[38;5;37m thermal cooling_device24:[0m hash matches
[38;5;39m[    0.566690][0m[38;5;37m pci 0000:[0m04:00.0: hash matches
[38;5;39m[    0.566694][0m[38;5;37m acpi ACPI0007:[0m3d: hash matches
[38;5;39m[    0.568327][0m[38;5;37m RAS:[0m Correctable Errors collector initialized.
[38;5;39m[    0.573818][0m[38;5;37m clk:[0m Disabling unused clocks
[38;5;39m[    0.573819][0m[38;5;37m PM:[0m genpd: Disabling unused power domains
[38;5;39m[    0.722489][0m[38;5;37m usb 1-7:[0m new high-speed USB device number 2 using xhci_hcd
[38;5;39m[    0.791775][0m[38;5;37m ata7:[0m SATA link up 6.0 Gbps (SStatus 133 SControl 300)
[38;5;39m[    0.793533][0m[38;5;214m ata7.00:[0m Model 'Samsung SSD 860 EVO 250GB', rev 'RVT01B6Q', applying quirks: noncqtrim zeroaftertrim noncqonati
[38;5;39m[    0.793718][0m[38;5;214m ata7.00:[0m supports DRM functions and may not be fully accessible
[38;5;39m[    0.793725][0m[38;5;37m ata7.00:[0m ATA-11: Samsung SSD 860 EVO 250GB, RVT01B6Q, max UDMA/133
[38;5;39m[    0.793987][0m[38;5;37m ata5:[0m SATA link down (SStatus 4 SControl 300)
[38;5;39m[    0.794041][0m[38;5;37m ata8:[0m SATA link down (SStatus 4 SControl 300)
[38;5;39m[    0.794096][0m[38;5;37m ata6:[0m SATA link down (SStatus 4 SControl 300)
[38;5;39m[    0.794701][0m[38;5;37m ata7.00:[0m 488397168 sectors, multi 1: LBA48 NCQ (depth 32), AA
[38;5;39m[    0.800864][0m[38;5;37m ata7.00:[0m Features: Trust Dev-Sleep NCQ-sndrcv
[38;5;39m[    0.801305][0m[38;5;214m ata7.00:[0m supports DRM functions and may not be fully accessible
[38;5;39m[    0.808629][0m[38;5;37m ata7.00:[0m configured for UDMA/133
[38;5;39m[    0.808653][0m[38;5;37m ahci 0000:[0m00:17.0: port does not support device sleep
[38;5;39m[    0.809033][0m[38;5;33m scsi 6:[0m0:0:0: Direct-Access     ATA      Samsung SSD 860  1B6Q PQ: 0 ANSI: 5
[38;5;39m[    0.809799][0m[38;5;37m ata7.00:[0m Enabling discard_zeroes_data
[38;5;39m[    0.809838][0m[38;5;33m sd 6:[0m0:0:0: [sda] 488397168 512-byte logical blocks: (250 GB/233 GiB)
[38;5;39m[    0.809864][0m[38;5;33m sd 6:[0m0:0:0: [sda] Write Protect is off
[38;5;39m[    0.809899][0m[38;5;33m sd 6:[0m0:0:0: [sda] Write cache: enabled, read cache: enabled, doesn't support DPO or FUA
[38;5;39m[    0.809973][0m[38;5;37m sd 6:[0m0:0:0: [sda] Preferred minimum I/O size 512 bytes
[38;5;39m[    0.810809][0m[38;5;37m ata7.00:[0m Enabling discard_zeroes_data
[38;5;39m[    0.826117][0m[38;5;37m  sda:[0m sda1 sda2 sda3
[38;5;39m[    0.827341][0m[38;5;33m sd 6:[0m0:0:0: [sda] supports TCG Opal
[38;5;39m[    0.827346][0m[38;5;33m sd 6:[0m0:0:0: [sda] Attached SCSI disk
[38;5;39m[    0.836350][0m[38;5;37m Freeing unused decrypted memory:[0m 2028K
[38;5;39m[    0.836982][0m[38;5;37m Freeing unused kernel image (initmem) memory:[0m 4520K
[38;5;39m[    0.836995][0m[38;5;37m Write protecting the kernel read-only data:[0m 36864k
[38;5;39m[    0.837702][0m[38;5;37m Freeing unused kernel image (rodata/data gap) memory:[0m 196K
[38;5;39m[    0.841827][0m[38;5;37m x86/mm:[0m Checked W+X mappings: passed, no W+X pages found.
[38;5;39m[    0.841829][0m[38;5;37m rodata_test:[0m all tests were successful
[38;5;39m[    0.871662][0m[38;5;37m usb 1-7:[0m New USB device found, idVendor=174c, idProduct=2074, bcdDevice= 0.01
[38;5;39m[    0.871664][0m[38;5;37m usb 1-7:[0m New USB device strings: Mfr=2, Product=3, SerialNumber=0
[38;5;39m[    0.871665][0m[38;5;37m usb 1-7:[0m Product: ASM107x
[38;5;39m[    0.871666][0m[38;5;37m usb 1-7:[0m Manufacturer: Asmedia
[38;5;39m[    0.872364][0m[38;5;37m hub 1-7:[0m1.0: USB hub found
[38;5;39m[    0.872961][0m[38;5;37m hub 1-7:[0m1.0: 4 ports detected
[38;5;39m[    0.981576][0m[38;5;37m usb 2-7:[0m new SuperSpeed USB device number 2 using xhci_hcd
[38;5;39m[    0.994725][0m[38;5;37m usb 2-7:[0m New USB device found, idVendor=174c, idProduct=3074, bcdDevice= 0.01
[38;5;39m[    0.994726][0m[38;5;37m usb 2-7:[0m New USB device strings: Mfr=2, Product=3, SerialNumber=0
[38;5;39m[    0.994727][0m[38;5;37m usb 2-7:[0m Product: ASM107x
[38;5;39m[    0.994727][0m[38;5;37m usb 2-7:[0m Manufacturer: Asmedia
[38;5;39m[    0.995763][0m[38;5;37m hub 2-7:[0m1.0: USB hub found
[38;5;39m[    0.995987][0m[38;5;37m hub 2-7:[0m1.0: 4 ports detected
[38;5;39m[    1.105561][0m[38;5;37m usb 1-11:[0m new high-speed USB device number 3 using xhci_hcd
[38;5;39m[    1.151975][0m[38;5;214m nvidia:[0m loading out-of-tree module taints kernel.
[38;5;39m[    1.151981][0m[38;5;214m nvidia:[0m module license 'NVIDIA' taints kernel.
[38;5;39m[    1.151982][0m[38;5;33m nvidia:[0m module verification failed: signature and/or required key missing - tainting kernel
[38;5;39m[    1.151983][0m[38;5;214m nvidia:[0m module license taints kernel.
[38;5;39m[    1.229746][0m[38;5;37m usb 1-11:[0m New USB device found, idVendor=05e3, idProduct=0608, bcdDevice=60.70
[38;5;39m[    1.229749][0m[38;5;37m usb 1-11:[0m New USB device strings: Mfr=0, Product=1, SerialNumber=0
[38;5;39m[    1.229750][0m[38;5;37m usb 1-11:[0m Product: USB2.0 Hub
[38;5;39m[    1.230476][0m[38;5;37m hub 1-11:[0m1.0: USB hub found
[38;5;39m[    1.230750][0m[38;5;37m hub 1-11:[0m1.0: 4 ports detected
[38;5;39m[    1.261407][0m[38;5;37m nvidia-nvlink:[0m Nvlink Core is being initialized, major device number 240
[38;5;39m[    1.262638][0m[38;5;37m nvidia 0000:[0m01:00.0: vgaarb: VGA decodes changed: olddecodes=io+mem,decodes=none:owns=none
[38;5;39m[    1.310658][0m[38;5;214m NVRM:[0m loading NVIDIA UNIX x86_64 Kernel Module  570.133.07  Fri Mar 14 13:12:07 UTC 2025
[38;5;39m[    1.327547][0m[38;5;37m ACPI:[0m video: Video Device [GFX0] (multi-head: yes  rom: no  post: no)
[38;5;39m[    1.327991][0m[38;5;37m input:[0m Video Bus as /devices/LNXSYSTM:00/LNXSYBUS:00/PNP0A08:00/LNXVIDEO:00/input/input3
[38;5;39m[    1.340771][0m[38;5;37m nvidia-modeset:[0m Loading NVIDIA Kernel Mode Setting Driver for UNIX platforms  570.133.07  Fri Mar 14 12:42:57 UTC 2025
[38;5;39m[    1.344503][0m[38;5;37m usb 1-13:[0m new full-speed USB device number 4 using xhci_hcd
[38;5;39m[    1.355401][0m[38;5;214m nvidia_uvm:[0m module uses symbols nvUvmInterfaceDisableAccessCntr from proprietary module nvidia, inheriting taint.
[38;5;39m[    1.468570][0m[38;5;37m usb 1-13:[0m New USB device found, idVendor=1462, idProduct=7d93, bcdDevice= 0.01
[38;5;39m[    1.468573][0m[38;5;37m usb 1-13:[0m New USB device strings: Mfr=1, Product=2, SerialNumber=3
[38;5;39m[    1.468573][0m[38;5;37m usb 1-13:[0m Product: MYSTIC LIGHT 
[38;5;39m[    1.468574][0m[38;5;37m usb 1-13:[0m Manufacturer: MSI
[38;5;39m[    1.468575][0m[38;5;37m usb 1-13:[0m SerialNumber: A02023032205
[38;5;39m[    1.473461][0m[38;5;37m usbcore:[0m registered new interface driver usbhid
[38;5;39m[    1.473463][0m[38;5;37m usbhid:[0m USB HID core driver
[38;5;39m[    1.475440][0m[38;5;37m input:[0m MSI MYSTIC LIGHT  as /devices/pci0000:00/0000:00:14.0/usb1/1-13/1-13:1.0/0003:1462:7D93.0001/input/input4
[38;5;39m[    1.475490][0m[38;5;37m hid-generic 0003:[0m1462:7D93.0001: input,hiddev96,hidraw0: USB HID v1.10 Device [MSI MYSTIC LIGHT ] on usb-0000:00:14.0-13/input0
[38;5;39m[    1.582483][0m[38;5;37m usb 1-14:[0m new full-speed USB device number 5 using xhci_hcd
[38;5;39m[    1.707020][0m[38;5;37m usb 1-14:[0m New USB device found, idVendor=8087, idProduct=0033, bcdDevice= 0.00
[38;5;39m[    1.707023][0m[38;5;37m usb 1-14:[0m New USB device strings: Mfr=0, Product=0, SerialNumber=0
[38;5;39m[    3.065924][0m[38;5;37m [drm] Initialized nvidia-drm 0.0.0 for 0000:[0m01:00.0 on minor 1
[38;5;39m[    3.091891][0m[38;5;37m nvidia 0000:[0m01:00.0: vgaarb: deactivate vga console
[38;5;39m[    3.166838][0m[38;5;37m fbcon:[0m nvidia-drmdrmfb (fb0) is primary device
[38;5;39m[    3.166839][0m[38;5;37m fbcon:[0m Deferring console take-over
[38;5;39m[    3.166840][0m[38;5;37m nvidia 0000:[0m01:00.0: [drm] fb0: nvidia-drmdrmfb frame buffer device
[38;5;39m[    3.242370][0m[38;5;37m nvme nvme0:[0m pci function 0000:02:00.0
[38;5;39m[    3.271947][0m[38;5;37m nvme nvme0:[0m 28/0/0 default/read/poll queues
[38;5;39m[    3.278104][0m[38;5;37m  nvme0n1:[0m p1 p2 p3
[38;5;39m[    3.460620][0m[38;5;37m i915 0000:[0m00:02.0: enabling device (0006 -> 0007)
[38;5;39m[    3.460728][0m[38;5;37m i915 0000:[0m00:02.0: [drm] Found alderlake_s/raptorlake_s (device ID a780) display version 12.00 stepping D0
[38;5;39m[    3.461556][0m[38;5;37m i915 0000:[0m00:02.0: [drm] Using Transparent Hugepages
[38;5;39m[    3.465988][0m[38;5;37m i915 0000:[0m00:02.0: [drm] Finished loading DMC firmware i915/adls_dmc_ver2_01.bin (v2.1)
[38;5;39m[    3.467320][0m[38;5;37m i915 0000:[0m00:02.0: [drm] GT0: GuC firmware i915/tgl_guc_70.bin version 70.36.0
[38;5;39m[    3.467322][0m[38;5;37m i915 0000:[0m00:02.0: [drm] GT0: HuC firmware i915/tgl_huc.bin version 7.9.3
[38;5;39m[    3.470125][0m[38;5;37m i915 0000:[0m00:02.0: [drm] GT0: HuC: authenticated for all workloads
[38;5;39m[    3.470466][0m[38;5;37m i915 0000:[0m00:02.0: [drm] GT0: GUC: submission enabled
[38;5;39m[    3.470467][0m[38;5;37m i915 0000:[0m00:02.0: [drm] GT0: GUC: SLPC enabled
[38;5;39m[    3.470841][0m[38;5;37m i915 0000:[0m00:02.0: [drm] GT0: GUC: RC enabled
[38;5;39m[    3.471232][0m[38;5;37m i915 0000:[0m00:02.0: [drm] Protected Xe Path (PXP) protected content support initialized
[38;5;39m[    3.471834][0m[38;5;37m [drm] Initialized i915 1.6.0 for 0000:[0m00:02.0 on minor 0
[38;5;39m[    3.501500][0m[38;5;37m i915 0000:[0m00:02.0: [drm] Cannot find any crtc or sizes
[38;5;39m[    3.561517][0m[38;5;37m i915 0000:[0m00:02.0: [drm] Cannot find any crtc or sizes
[38;5;39m[    3.591483][0m[38;5;37m i915 0000:[0m00:02.0: [drm] Cannot find any crtc or sizes
[38;5;39m[    3.647180][0m[38;5;37m fbcon:[0m Taking over console
[38;5;39m[    3.650497][0m[38;5;37m Console:[0m switching to colour frame buffer device 240x67
[38;5;39m[    3.752692][0m[38;5;33m EXT4-fs (nvme0n1p3):[0m Supports (experimental) DIO atomic writes awu_min: 4096, awu_max: 4096
[38;5;39m[    3.775048][0m[38;5;37m EXT4-fs (nvme0n1p3):[0m mounted filesystem 56a47d8a-b116-452c-9435-8e0c7cb92898 r/w with ordered data mode. Quota mode: none.
[38;5;39m[    4.053929][0m[38;5;37m loop:[0m module loaded
[38;5;39m[    4.055377][0m[38;5;37m device-mapper:[0m uevent: version 1.0.3
[38;5;39m[    4.055421][0m[38;5;37m device-mapper:[0m ioctl: 4.48.0-ioctl (2023-03-01) initialised: dm-devel@lists.linux.dev
[38;5;39m[    4.073582][0m[38;5;37m EXT4-fs (nvme0n1p3):[0m re-mounted 56a47d8a-b116-452c-9435-8e0c7cb92898 r/w. Quota mode: none.
[38;5;39m[    4.138631][0m[38;5;37m mei_me 0000:[0m00:16.0: enabling device (0000 -> 0002)
[38;5;39m[    4.144463][0m[38;5;37m input:[0m PC Speaker as /devices/platform/pcspkr/input/input5
[38;5;39m[    4.161904][0m[38;5;37m intel_pmc_core INT33A1:[0m00:  initialized
[38;5;39m[    4.161910][0m[38;5;37m RAPL PMU:[0m API unit is 2^-32 Joules, 3 fixed counters, 655360 ms ovfl timer
[38;5;39m[    4.161913][0m[38;5;37m RAPL PMU:[0m hw unit of domain pp0-core 2^-14 Joules
[38;5;39m[    4.161914][0m[38;5;37m RAPL PMU:[0m hw unit of domain package 2^-14 Joules
[38;5;39m[    4.161915][0m[38;5;37m RAPL PMU:[0m hw unit of domain pp1-gpu 2^-14 Joules
[38;5;39m[    4.162249][0m[38;5;37m i801_smbus 0000:[0m00:1f.4: SPD Write Disable is set
[38;5;39m[    4.162291][0m[38;5;37m i801_smbus 0000:[0m00:1f.4: SMBus using PCI interrupt
[38;5;39m[    4.163093][0m[38;5;33m Creating 1 MTD partitions on "0000:[0m00:1f.5":
[38;5;39m[    4.163095][0m[38;5;33m 0x000000000000-0x000002000000 :[0m "BIOS"
[38;5;39m[    4.164559][0m[38;5;37m i2c i2c-17:[0m Successfully instantiated SPD at 0x51
[38;5;39m[    4.165006][0m[38;5;37m mei_pxp 0000:[0m00:16.0-fbf6fcf1-96cf-4e2e-a6a6-1bab8cbe36b1: bound 0000:00:02.0 (ops i915_pxp_tee_component_ops [i915])
[38;5;39m[    4.165280][0m[38;5;37m i2c i2c-17:[0m Successfully instantiated SPD at 0x53
[38;5;39m[    4.167899][0m[38;5;37m iTCO_vendor_support:[0m vendor-support=0
[38;5;39m[    4.168381][0m[38;5;37m r8169 0000:[0m04:00.0: enabling device (0000 -> 0003)
[38;5;39m[    4.168455][0m[38;5;214m r8169 0000:[0m04:00.0: can't disable ASPM; OS doesn't have ASPM control
[38;5;39m[    4.169533][0m[38;5;37m cryptd:[0m max_cpu_qlen set to 1000
[38;5;39m[    4.172274][0m[38;5;37m spd5118 17-0051:[0m DDR5 temperature sensor: vendor 0x00:0xb3 revision 2.2
[38;5;39m[    4.173914][0m[38;5;37m r8169 0000:[0m04:00.0 eth0: RTL8168h/8111h, d8:43:ae:61:cf:fa, XID 541, IRQ 175
[38;5;39m[    4.173916][0m[38;5;37m r8169 0000:[0m04:00.0 eth0: jumbo features [frames: 9194 bytes, tx checksumming: ko]
[38;5;39m[    4.173932][0m[38;5;37m r8169 0000:[0m05:00.0: enabling device (0000 -> 0003)
[38;5;39m[    4.174025][0m[38;5;214m r8169 0000:[0m05:00.0: can't disable ASPM; OS doesn't have ASPM control
[38;5;39m[    4.176690][0m[38;5;37m spd5118 17-0053:[0m DDR5 temperature sensor: vendor 0x00:0xb3 revision 2.2
[38;5;39m[    4.181400][0m[38;5;37m r8169 0000:[0m05:00.0 eth1: RTL8125B, d8:43:ae:61:cf:fb, XID 641, IRQ 176
[38;5;39m[    4.181402][0m[38;5;37m r8169 0000:[0m05:00.0 eth1: jumbo features [frames: 9194 bytes, tx checksumming: ko]
[38;5;39m[    4.185945][0m[38;5;37m Adding 17301500k swap on /dev/nvme0n1p2.  Priority:[0m-2 extents:1 across:17301500k SS
[38;5;39m[    4.209970][0m[38;5;33m cfg80211:[0m Loading compiled-in X.509 certificates for regulatory database
[38;5;39m[    4.210097][0m[38;5;37m iTCO_wdt iTCO_wdt:[0m Found a Intel PCH TCO device (Version=6, TCOBASE=0x0400)
[38;5;39m[    4.210273][0m[38;5;37m iTCO_wdt iTCO_wdt:[0m initialized. heartbeat=30 sec (nowayout=0)
[38;5;39m[    4.211815][0m[38;5;37m r8169 0000:[0m05:00.0 enp5s0: renamed from eth1
[38;5;39m[    4.213185][0m[38;5;37m r8169 0000:[0m04:00.0 enp4s0: renamed from eth0
[38;5;39m[    4.214610][0m[38;5;33m Loaded X.509 cert 'sforshee:[0m 00b28ddf47aef9cea7'
[38;5;39m[    4.214784][0m[38;5;33m Loaded X.509 cert 'wens:[0m 61c038651aabdcf94bd0ac7ff06c7248db18c600'
[38;5;39m[    4.215302][0m[38;5;214m platform regulatory.0:[0m Direct firmware load for regulatory.db failed with error -2
[38;5;39m[    4.215306][0m[38;5;37m cfg80211:[0m failed to load regulatory.db
[38;5;39m[    4.242356][0m[38;5;37m Bluetooth:[0m Core ver 2.22
[38;5;39m[    4.242397][0m[38;5;37m NET:[0m Registered PF_BLUETOOTH protocol family
[38;5;39m[    4.242400][0m[38;5;37m Bluetooth:[0m HCI device and connection manager initialized
[38;5;39m[    4.242409][0m[38;5;37m Bluetooth:[0m HCI socket layer initialized
[38;5;39m[    4.242413][0m[38;5;37m Bluetooth:[0m L2CAP socket layer initialized
[38;5;39m[    4.242418][0m[38;5;37m Bluetooth:[0m SCO socket layer initialized
[38;5;39m[    4.262863][0m[38;5;37m iwlwifi 0000:[0m00:14.3: enabling device (0000 -> 0002)
[38;5;39m[    4.265287][0m[38;5;37m iwlwifi 0000:[0m00:14.3: Detected crf-id 0x400410, cnv-id 0x80401 wfpm id 0x80000020
[38;5;39m[    4.265312][0m[38;5;37m iwlwifi 0000:[0m00:14.3: PCI dev 7a70/0094, rev=0x430, rfid=0x2010d000
[38;5;39m[    4.265316][0m[38;5;37m iwlwifi 0000:[0m00:14.3: Detected Intel(R) Wi-Fi 6E AX211 160MHz
[38;5;39m[    4.268209][0m[38;5;37m iwlwifi 0000:[0m00:14.3: TLV_FW_FSEQ_VERSION: FSEQ Version: 0.0.2.42
[38;5;39m[    4.268441][0m[38;5;37m iwlwifi 0000:[0m00:14.3: loaded firmware version 89.1a492d28.0 so-a0-gf-a0-89.ucode op_mode iwlmvm
[38;5;39m[    4.268760][0m[38;5;37m usbcore:[0m registered new interface driver btusb
[38;5;39m[    4.270340][0m[38;5;37m snd_hda_intel 0000:[0m00:1f.3: enabling device (0000 -> 0002)
[38;5;39m[    4.270462][0m[38;5;37m snd_hda_intel 0000:[0m00:1f.3: bound 0000:00:02.0 (ops i915_audio_component_bind_ops [i915])
[38;5;39m[    4.270909][0m[38;5;37m pps_core:[0m LinuxPPS API ver. 1 registered
[38;5;39m[    4.270910][0m[38;5;37m pps_core:[0m Software ver. 5.3.6 - Copyright 2005-2007 Rodolfo Giometti <giometti@linux.it>
[38;5;39m[    4.270925][0m[38;5;37m Bluetooth:[0m hci0: Device revision is 0
[38;5;39m[    4.270928][0m[38;5;37m Bluetooth:[0m hci0: Secure boot is enabled
[38;5;39m[    4.270929][0m[38;5;37m Bluetooth:[0m hci0: OTP lock is enabled
[38;5;39m[    4.270930][0m[38;5;37m Bluetooth:[0m hci0: API lock is enabled
[38;5;39m[    4.270930][0m[38;5;37m Bluetooth:[0m hci0: Debug lock is disabled
[38;5;39m[    4.270931][0m[38;5;37m Bluetooth:[0m hci0: Minimum firmware build 1 week 10 2014
[38;5;39m[    4.270932][0m[38;5;37m Bluetooth:[0m hci0: Bootloader timestamp 2019.40 buildtype 1 build 38
[38;5;39m[    4.270943][0m[38;5;37m snd_hda_intel 0000:[0m01:00.1: enabling device (0000 -> 0002)
[38;5;39m[    4.271125][0m[38;5;37m snd_hda_intel 0000:[0m01:00.1: Disabling MSI
[38;5;39m[    4.271129][0m[38;5;37m snd_hda_intel 0000:[0m01:00.1: Handle vga_switcheroo audio client
[38;5;39m[    4.271229][0m[38;5;37m Bluetooth:[0m hci0: DSM reset method type: 0x00
[38;5;39m[    4.273467][0m[38;5;37m Bluetooth:[0m hci0: Found device firmware: intel/ibt-1040-0041.sfi
[38;5;39m[    4.273473][0m[38;5;37m Bluetooth:[0m hci0: Boot Address: 0x100800
[38;5;39m[    4.273473][0m[38;5;37m Bluetooth:[0m hci0: Firmware Version: 200-48.24
[38;5;39m[    4.312196][0m[38;5;37m input:[0m HDA NVidia HDMI/DP,pcm=3 as /devices/pci0000:00/0000:00:01.0/0000:01:00.1/sound/card1/input6
[38;5;39m[    4.312221][0m[38;5;37m input:[0m HDA NVidia HDMI/DP,pcm=7 as /devices/pci0000:00/0000:00:01.0/0000:01:00.1/sound/card1/input7
[38;5;39m[    4.312240][0m[38;5;37m input:[0m HDA NVidia HDMI/DP,pcm=8 as /devices/pci0000:00/0000:00:01.0/0000:01:00.1/sound/card1/input8
[38;5;39m[    4.312259][0m[38;5;37m input:[0m HDA NVidia HDMI/DP,pcm=9 as /devices/pci0000:00/0000:00:01.0/0000:01:00.1/sound/card1/input9
[38;5;39m[    4.327992][0m[38;5;37m snd_hda_codec_realtek hdaudioC0D0:[0m autoconfig for ALC897: line_outs=3 (0x14/0x15/0x16/0x0/0x0) type:line
[38;5;39m[    4.327996][0m[38;5;37m snd_hda_codec_realtek hdaudioC0D0:[0m    speaker_outs=0 (0x0/0x0/0x0/0x0/0x0)
[38;5;39m[    4.327997][0m[38;5;37m snd_hda_codec_realtek hdaudioC0D0:[0m    hp_outs=1 (0x1b/0x0/0x0/0x0/0x0)
[38;5;39m[    4.327998][0m[38;5;37m snd_hda_codec_realtek hdaudioC0D0:[0m    mono: mono_out=0x0
[38;5;39m[    4.327999][0m[38;5;37m snd_hda_codec_realtek hdaudioC0D0:[0m    dig-out=0x1e/0x0
[38;5;39m[    4.327999][0m[38;5;37m snd_hda_codec_realtek hdaudioC0D0:[0m    inputs:
[38;5;39m[    4.328000][0m[38;5;37m snd_hda_codec_realtek hdaudioC0D0:[0m      Rear Mic=0x18
[38;5;39m[    4.328001][0m[38;5;37m snd_hda_codec_realtek hdaudioC0D0:[0m      Front Mic=0x19
[38;5;39m[    4.328001][0m[38;5;37m snd_hda_codec_realtek hdaudioC0D0:[0m      Line=0x1a
[38;5;39m[    4.342387][0m[38;5;37m intel_tcc_cooling:[0m Programmable TCC Offset detected
[38;5;39m[    4.352543][0m[38;5;37m intel_rapl_msr:[0m PL4 support detected.
[38;5;39m[    4.352820][0m[38;5;37m intel_rapl_common:[0m Found RAPL domain package
[38;5;39m[    4.352822][0m[38;5;37m intel_rapl_common:[0m Found RAPL domain core
[38;5;39m[    4.352823][0m[38;5;37m intel_rapl_common:[0m Found RAPL domain uncore
[38;5;39m[    4.363796][0m[38;5;37m input:[0m HDA Intel PCH Rear Mic as /devices/pci0000:00/0000:00:1f.3/sound/card0/input10
[38;5;39m[    4.363814][0m[38;5;37m input:[0m HDA Intel PCH Front Mic as /devices/pci0000:00/0000:00:1f.3/sound/card0/input11
[38;5;39m[    4.363828][0m[38;5;37m input:[0m HDA Intel PCH Line as /devices/pci0000:00/0000:00:1f.3/sound/card0/input12
[38;5;39m[    4.363842][0m[38;5;37m input:[0m HDA Intel PCH Line Out Front as /devices/pci0000:00/0000:00:1f.3/sound/card0/input13
[38;5;39m[    4.363855][0m[38;5;37m input:[0m HDA Intel PCH Line Out Surround as /devices/pci0000:00/0000:00:1f.3/sound/card0/input14
[38;5;39m[    4.363868][0m[38;5;37m input:[0m HDA Intel PCH Line Out CLFE as /devices/pci0000:00/0000:00:1f.3/sound/card0/input15
[38;5;39m[    4.363881][0m[38;5;37m input:[0m HDA Intel PCH Front Headphone as /devices/pci0000:00/0000:00:1f.3/sound/card0/input16
[38;5;39m[    4.363893][0m[38;5;37m input:[0m HDA Intel PCH HDMI/DP,pcm=3 as /devices/pci0000:00/0000:00:1f.3/sound/card0/input17
[38;5;39m[    4.363906][0m[38;5;37m input:[0m HDA Intel PCH HDMI/DP,pcm=7 as /devices/pci0000:00/0000:00:1f.3/sound/card0/input18
[38;5;39m[    4.363918][0m[38;5;37m input:[0m HDA Intel PCH HDMI/DP,pcm=8 as /devices/pci0000:00/0000:00:1f.3/sound/card0/input19
[38;5;39m[    4.363931][0m[38;5;37m input:[0m HDA Intel PCH HDMI/DP,pcm=9 as /devices/pci0000:00/0000:00:1f.3/sound/card0/input20
[38;5;39m[    4.510694][0m[38;5;37m iwlwifi 0000:[0m00:14.3: WFPM_UMAC_PD_NOTIFICATION: 0x20
[38;5;39m[    4.510724][0m[38;5;37m iwlwifi 0000:[0m00:14.3: WFPM_LMAC2_PD_NOTIFICATION: 0x1f
[38;5;39m[    4.510735][0m[38;5;37m iwlwifi 0000:[0m00:14.3: WFPM_AUTH_KEY_0: 0x90
[38;5;39m[    4.510746][0m[38;5;37m iwlwifi 0000:[0m00:14.3: CNVI_SCU_SEQ_DATA_DW9: 0x0
[38;5;39m[    4.510867][0m[38;5;37m iwlwifi 0000:[0m00:14.3: Detected RF GF, rfid=0x2010d000
[38;5;39m[    4.511817][0m[38;5;37m iwlwifi 0000:[0m00:14.3: RFIm is deactivated, reason = 5
[38;5;39m[    4.511825][0m[38;5;37m iwlwifi 0000:[0m00:14.3: loaded PNVM version 581d4936
[38;5;39m[    4.597622][0m[38;5;37m iwlwifi 0000:[0m00:14.3: base HW address: 4c:5f:70:23:ba:40
[38;5;39m[    4.633926][0m[38;5;37m iwlwifi 0000:[0m00:14.3 wlo1: renamed from wlan0
[38;5;39m[    5.346329][0m[38;5;37m Bluetooth:[0m BNEP (Ethernet Emulation) ver 1.3
[38;5;39m[    5.346330][0m[38;5;37m Bluetooth:[0m BNEP filters: protocol multicast
[38;5;39m[    5.346333][0m[38;5;37m Bluetooth:[0m BNEP socket layer initialized
[38;5;39m[    5.407507][0m[38;5;37m Generic FE-GE Realtek PHY r8169-0-400:[0m00: attached PHY driver (mii_bus:phy_addr=r8169-0-400:00, irq=MAC)
[38;5;39m[    5.527704][0m[38;5;37m r8169 0000:[0m04:00.0 enp4s0: Link is Down
[38;5;39m[    5.553508][0m[38;5;37m Realtek Internal NBASE-T PHY r8169-0-500:[0m00: attached PHY driver (mii_bus:phy_addr=r8169-0-500:00, irq=MAC)
[38;5;39m[    5.616929][0m[38;5;37m Bluetooth:[0m hci0: Waiting for firmware download to complete
[38;5;39m[    5.618013][0m[38;5;37m Bluetooth:[0m hci0: Firmware loaded in 1313029 usecs
[38;5;39m[    5.618111][0m[38;5;37m Bluetooth:[0m hci0: Waiting for device to boot
[38;5;39m[    5.634084][0m[38;5;37m Bluetooth:[0m hci0: Device booted in 15638 usecs
[38;5;39m[    5.637146][0m[38;5;37m Bluetooth:[0m hci0: Found Intel DDC parameters: intel/ibt-1040-0041.ddc
[38;5;39m[    5.639097][0m[38;5;37m Bluetooth:[0m hci0: Applying Intel DDC parameters completed
[38;5;39m[    5.642115][0m[38;5;37m Bluetooth:[0m hci0: Firmware timestamp 2024.48 buildtype 1 build 81864
[38;5;39m[    5.642131][0m[38;5;37m Bluetooth:[0m hci0: Firmware SHA1: 0xc115e35a
[38;5;39m[    5.645935][0m[38;5;37m Bluetooth:[0m hci0: Fseq status: Success (0x00)
[38;5;39m[    5.645949][0m[38;5;37m Bluetooth:[0m hci0: Fseq executed: 00.00.02.41
[38;5;39m[    5.645955][0m[38;5;37m Bluetooth:[0m hci0: Fseq BT Top: 00.00.02.41
[38;5;39m[    5.710713][0m[38;5;37m r8169 0000:[0m05:00.0 enp5s0: Link is Down
[38;5;39m[    5.714227][0m[38;5;37m Bluetooth:[0m MGMT ver 1.23
[38;5;39m[    5.725544][0m[38;5;37m NET:[0m Registered PF_ALG protocol family
[38;5;39m[    5.881790][0m[38;5;37m iwlwifi 0000:[0m00:14.3: WFPM_UMAC_PD_NOTIFICATION: 0x20
[38;5;39m[    5.881829][0m[38;5;37m iwlwifi 0000:[0m00:14.3: WFPM_LMAC2_PD_NOTIFICATION: 0x1f
[38;5;39m[    5.881860][0m[38;5;37m iwlwifi 0000:[0m00:14.3: WFPM_AUTH_KEY_0: 0x90
[38;5;39m[    5.881871][0m[38;5;37m iwlwifi 0000:[0m00:14.3: CNVI_SCU_SEQ_DATA_DW9: 0x0
[38;5;39m[    5.882853][0m[38;5;37m iwlwifi 0000:[0m00:14.3: RFIm is deactivated, reason = 5
[38;5;39m[    5.975386][0m[38;5;37m iwlwifi 0000:[0m00:14.3: Registered PHC clock: iwlwifi-PTP, with index: 0
[38;5;39m[    6.183047][0m[38;5;37m iwlwifi 0000:[0m00:14.3: WFPM_UMAC_PD_NOTIFICATION: 0x20
[38;5;39m[    6.183088][0m[38;5;37m iwlwifi 0000:[0m00:14.3: WFPM_LMAC2_PD_NOTIFICATION: 0x1f
[38;5;39m[    6.183120][0m[38;5;37m iwlwifi 0000:[0m00:14.3: WFPM_AUTH_KEY_0: 0x90
[38;5;39m[    6.183130][0m[38;5;37m iwlwifi 0000:[0m00:14.3: CNVI_SCU_SEQ_DATA_DW9: 0x0
[38;5;39m[    6.184155][0m[38;5;37m iwlwifi 0000:[0m00:14.3: RFIm is deactivated, reason = 5
[38;5;39m[   10.146273][0m[38;5;37m wlo1:[0m authenticate with bc:15:ac:93:bf:8f (local address=4c:5f:70:23:ba:40)
[38;5;39m[   10.147077][0m[38;5;37m wlo1:[0m send auth to bc:15:ac:93:bf:8f (try 1/3)
[38;5;39m[   10.187804][0m[38;5;37m wlo1:[0m authenticated
[38;5;39m[   10.188580][0m[38;5;37m wlo1:[0m associate with bc:15:ac:93:bf:8f (try 1/3)
[38;5;39m[   10.192966][0m[38;5;37m wlo1:[0m RX AssocResp from bc:15:ac:93:bf:8f (capab=0x11 status=0 aid=3)
[38;5;39m[   10.200501][0m[38;5;37m wlo1:[0m associated
[38;5;39m[   14.483788][0m[38;5;214m platform INT3515:[0m01: deferred probe pending: Serial bus multi instantiate pseudo device driver: Error creating i2c-client, idx 0
[38;5;39m[  732.655080][0m[38;5;37m input:[0m MX Master Keyboard as /devices/virtual/misc/uhid/0005:046D:B01E.0002/input/input21
